Archive member included because of file (symbol)

/Applications/CrossWorks for ARM 3.1/lib/libm_v7em_fpv4_sp_d16_hard_t_le_eabi.a(libm_asm.o)
                              Calchack_F4 THUMB Debug/gfx_2d.o (__aeabi_f2d)
/Applications/CrossWorks for ARM 3.1/lib/libm_v7em_fpv4_sp_d16_hard_t_le_eabi.a(libm2.o)
                              Calchack_F4 THUMB Debug/gfx_3d.o (cos)
/Applications/CrossWorks for ARM 3.1/lib/libm_v7em_fpv4_sp_d16_hard_t_le_eabi.a(libm2_asm.o)
                              /Applications/CrossWorks for ARM 3.1/lib/libm_v7em_fpv4_sp_d16_hard_t_le_eabi.a(libm2.o) (fabs)
/Applications/CrossWorks for ARM 3.1/lib/libc_v7em_fpv4_sp_d16_hard_t_le_eabi.a(libc2.o)
                              Calchack_F4 THUMB Debug/gfx_2d.o (abs)
/Applications/CrossWorks for ARM 3.1/lib/libc_v7em_fpv4_sp_d16_hard_t_le_eabi.a(libc2_asm.o)
                              Calchack_F4 THUMB Debug/main.o (memcpy)
/Applications/CrossWorks for ARM 3.1/lib/libc_v7em_fpv4_sp_d16_hard_t_le_eabi.a(libc_asm.o)
                              /Applications/CrossWorks for ARM 3.1/lib/libc_v7em_fpv4_sp_d16_hard_t_le_eabi.a(libc2.o) (__aeabi_uldivmod)
/Applications/CrossWorks for ARM 3.1/lib/libcpp_v7em_fpv4_sp_d16_hard_t_le_eabi.a(__aeabi_atexit.o)
                              Calchack_F4 THUMB Debug/gfx_3d.o (__aeabi_atexit)
/Applications/CrossWorks for ARM 3.1/lib/libcpp_v7em_fpv4_sp_d16_hard_t_le_eabi.a(__cxa_atexit.o)
                              Calchack_F4 THUMB Debug/gfx_3d.o (__dso_handle)
/Applications/CrossWorks for ARM 3.1/lib/lib_vfprintf_float_long_long_v7em_fpv4_sp_d16_hard_t_le_eabi.a(lib_vfprintf_float_long_long.o)
                              /Applications/CrossWorks for ARM 3.1/lib/libc_v7em_fpv4_sp_d16_hard_t_le_eabi.a(libc2.o) (__vfprintf)
/Applications/CrossWorks for ARM 3.1/lib/lib_vfscanf_float_long_long_cc_v7em_fpv4_sp_d16_hard_t_le_eabi.a(lib_vfscanf_float_long_long_cc.o)
                              /Applications/CrossWorks for ARM 3.1/lib/libc_v7em_fpv4_sp_d16_hard_t_le_eabi.a(libc2.o) (__vfscanf)
/Applications/CrossWorks for ARM 3.1/lib/libc_user_libc_v7em_fpv4_sp_d16_hard_t_le_eabi.a(user_libc.o)
                              /Applications/CrossWorks for ARM 3.1/lib/libc_v7em_fpv4_sp_d16_hard_t_le_eabi.a(libc2.o) (__aeabi_read_tp)

Discarded input sections

 .text          0x00000000        0x0 Calchack_F4 THUMB Debug/misc.o
 .data          0x00000000        0x0 Calchack_F4 THUMB Debug/misc.o
 .bss           0x00000000        0x0 Calchack_F4 THUMB Debug/misc.o
 .text.NVIC_PriorityGroupConfig
                0x00000000       0x54 Calchack_F4 THUMB Debug/misc.o
 .text.NVIC_Init
                0x00000000       0xfc Calchack_F4 THUMB Debug/misc.o
 .text.NVIC_SetVectorTable
                0x00000000       0x5c Calchack_F4 THUMB Debug/misc.o
 .text.NVIC_SystemLPConfig
                0x00000000       0x70 Calchack_F4 THUMB Debug/misc.o
 .text.SysTick_CLKSourceConfig
                0x00000000       0x4c Calchack_F4 THUMB Debug/misc.o
 .debug_frame   0x00000000       0xec Calchack_F4 THUMB Debug/misc.o
 .debug_info    0x00000000      0x54f Calchack_F4 THUMB Debug/misc.o
 .debug_abbrev  0x00000000      0x15b Calchack_F4 THUMB Debug/misc.o
 .debug_aranges
                0x00000000       0x40 Calchack_F4 THUMB Debug/misc.o
 .debug_ranges  0x00000000       0x30 Calchack_F4 THUMB Debug/misc.o
 .debug_line    0x00000000      0x24d Calchack_F4 THUMB Debug/misc.o
 .debug_str     0x00000000      0x433 Calchack_F4 THUMB Debug/misc.o
 .comment       0x00000000       0x4f Calchack_F4 THUMB Debug/misc.o
 .ARM.attributes
                0x00000000       0x39 Calchack_F4 THUMB Debug/misc.o
 .text          0x00000000        0x0 Calchack_F4 THUMB Debug/stm32f4xx_adc.o
 .data          0x00000000        0x0 Calchack_F4 THUMB Debug/stm32f4xx_adc.o
 .bss           0x00000000        0x0 Calchack_F4 THUMB Debug/stm32f4xx_adc.o
 .text.ADC_DeInit
                0x00000000       0x1c Calchack_F4 THUMB Debug/stm32f4xx_adc.o
 .text.ADC_Init
                0x00000000       0xa8 Calchack_F4 THUMB Debug/stm32f4xx_adc.o
 .text.ADC_StructInit
                0x00000000       0x3c Calchack_F4 THUMB Debug/stm32f4xx_adc.o
 .text.ADC_CommonInit
                0x00000000       0x50 Calchack_F4 THUMB Debug/stm32f4xx_adc.o
 .text.ADC_CommonStructInit
                0x00000000       0x2c Calchack_F4 THUMB Debug/stm32f4xx_adc.o
 .text.ADC_Cmd  0x00000000       0x38 Calchack_F4 THUMB Debug/stm32f4xx_adc.o
 .text.ADC_AnalogWatchdogCmd
                0x00000000       0x38 Calchack_F4 THUMB Debug/stm32f4xx_adc.o
 .text.ADC_AnalogWatchdogThresholdsConfig
                0x00000000       0x28 Calchack_F4 THUMB Debug/stm32f4xx_adc.o
 .text.ADC_AnalogWatchdogSingleChannelConfig
                0x00000000       0x38 Calchack_F4 THUMB Debug/stm32f4xx_adc.o
 .text.ADC_TempSensorVrefintCmd
                0x00000000       0x38 Calchack_F4 THUMB Debug/stm32f4xx_adc.o
 .text.ADC_VBATCmd
[...]
Memory Configuration

Name             Origin             Length             Attributes
UNPLACED_SECTIONS 0xffffffff         0x00000000         xw
FLASH            0x08000000         0x00100000         xr
DATA_SRAM        0x10000000         0x00010000         xw
SYSTEM           0x1fff0000         0x00007a10         xw
OPTION           0x1fffc000         0x00000008         xw
RAM              0x20000000         0x00020000         xw
SRAM1            0x20000000         0x0001c000         xw
SRAM2            0x2001c000         0x00004000         xw
APB1             0x40000000         0x00007800         xw
APB2             0x40010000         0x00004c00         xw
AHB1             0x40020000         0x00080000         xw
AHB2             0x50000000         0x00060c00         xw
AHB3             0xa0000000         0x00001000         xw
PCCARD           0x90000000         0x00000000         xw
NAND2            0x80000000         0x00000000         xw
NAND1            0x70000000         0x00000000         xw
NOR_PSRAM4       0x6c000000         0x00000000         xw
NOR_PSRAM3       0x68000000         0x00000000         xw
NOR_PSRAM2       0x64000000         0x00000000         xw
NOR_PSRAM1       0x60000000         0x00000000         xw
PPB              0xe0000000         0x00100000         xw
DBG              0xe0042000         0x00000010         xw
CM3_System_Control_Space 0xe000e000         0x00001000         xw
*default*        0x00000000         0xffffffff

Linker script and memory map

                0x08000000                __FLASH_segment_start__ = 0x8000000
                0x08100000                __FLASH_segment_end__ = 0x8100000
                0x10000000                __DATA_SRAM_segment_start__ = 0x10000000
                0x10010000                __DATA_SRAM_segment_end__ = 0x10010000
                0x1fff0000                __SYSTEM_segment_start__ = 0x1fff0000
                0x1fff7a10                __SYSTEM_segment_end__ = 0x1fff7a10
                0x1fffc000                __OPTION_segment_start__ = 0x1fffc000
                0x1fffc008                __OPTION_segment_end__ = 0x1fffc008
                0x20000000                __RAM_segment_start__ = 0x20000000
                0x20020000                __RAM_segment_end__ = 0x20020000
                0x20000000                __SRAM1_segment_start__ = 0x20000000
                0x2001c000                __SRAM1_segment_end__ = 0x2001c000
                0x2001c000                __SRAM2_segment_start__ = 0x2001c000
                0x20020000                __SRAM2_segment_end__ = 0x20020000
                0x40000000                __APB1_segment_start__ = 0x40000000
                0x40007800                __APB1_segment_end__ = 0x40007800
                0x40010000                __APB2_segment_start__ = 0x40010000
                0x40014c00                __APB2_segment_end__ = 0x40014c00
                0x40020000                __AHB1_segment_start__ = 0x40020000
                0x400a0000                __AHB1_segment_end__ = 0x400a0000
                0x50000000                __AHB2_segment_start__ = 0x50000000
                0x50060c00                __AHB2_segment_end__ = 0x50060c00
                0xa0000000                __AHB3_segment_start__ = 0xa0000000
                0xa0001000                __AHB3_segment_end__ = 0xa0001000
                0x90000000                __PCCARD_segment_start__ = 0x90000000
                0x90000000                __PCCARD_segment_end__ = 0x90000000
                0x80000000                __NAND2_segment_start__ = 0x80000000
                0x80000000                __NAND2_segment_end__ = 0x80000000
                0x70000000                __NAND1_segment_start__ = 0x70000000
                0x70000000                __NAND1_segment_end__ = 0x70000000
                0x6c000000                __NOR_PSRAM4_segment_start__ = 0x6c000000
                0x6c000000                __NOR_PSRAM4_segment_end__ = 0x6c000000
                0x68000000                __NOR_PSRAM3_segment_start__ = 0x68000000
                0x68000000                __NOR_PSRAM3_segment_end__ = 0x68000000
                0x64000000                __NOR_PSRAM2_segment_start__ = 0x64000000
                0x64000000                __NOR_PSRAM2_segment_end__ = 0x64000000
                0x60000000                __NOR_PSRAM1_segment_start__ = 0x60000000
                0x60000000                __NOR_PSRAM1_segment_end__ = 0x60000000
                0xe0000000                __PPB_segment_start__ = 0xe0000000
                0xe0100000                __PPB_segment_end__ = 0xe0100000
                0xe0042000                __DBG_segment_start__ = 0xe0042000
                0xe0042010                __DBG_segment_end__ = 0xe0042010
                0xe000e000                __CM3_System_Control_Space_segment_start__ = 0xe000e000
                0xe000f000                __CM3_System_Control_Space_segment_end__ = 0xe000f000
                0x000003e8                __HEAPSIZE__ = 0x3e8
                0x00000000                __STACKSIZE_ABT__ = 0x0
                0x00000000                __STACKSIZE_FIQ__ = 0x0
                0x00000000                __STACKSIZE_IRQ__ = 0x0
                0x00000000                __STACKSIZE_PROCESS__ = 0x0
                0x00000000                __STACKSIZE_SVC__ = 0x0
                0x00000000                __STACKSIZE_UND__ = 0x0
                0x000003e8                __STACKSIZE__ = 0x3e8
                0x20000000                __vectors_ram_load_start__ = ALIGN (__RAM_segment_start__, 0x100)

.vectors_ram    0x20000000        0x0
                0x20000000                __vectors_ram_start__ = .
 *(.vectors_ram .vectors_ram.*)
                0x20000000                __vectors_ram_end__ = (__vectors_ram_start__ + SIZEOF (.vectors_ram))
                0x20000000                __vectors_ram_load_end__ = __vectors_ram_end__
                0x00000001                . = ASSERT (((__vectors_ram_start__ == __vectors_ram_end__) || ((__vectors_ram_end__ >= __RAM_segment_start__) && (__vectors_ram_end__ <= __RAM_segment_end__))), error: .vectors_ram is too large to fit in RAM memory segment)
                0x08000000                __vectors_load_start__ = ALIGN (__FLASH_segment_start__, 0x100)

.vectors        0x08000000      0x188
                0x08000000                __vectors_start__ = .
 *(.vectors .vectors.*)
 .vectors       0x08000000      0x188 Calchack_F4 THUMB Debug/STM32_Startup.o
                0x08000000                _vectors
                0x08000188                __vectors_end__ = (__vectors_start__ + SIZEOF (.vectors))
                0x08000188                __vectors_load_end__ = __vectors_end__
                0x00000001                . = ASSERT (((__vectors_start__ == __vectors_end__) || ((__vectors_end__ >= __FLASH_segment_start__) && (__vectors_end__ <= __FLASH_segment_end__))), error: .vectors is too large to fit in FLASH memory segment)
                0x08000188                __init_load_start__ = ALIGN (__vectors_end__, 0x4)

.init           0x08000188      0x264
                0x08000188                __init_start__ = .
 *(.init .init.*)
 .init          0x08000188      0x154 Calchack_F4 THUMB Debug/thumb_crt0.o
                0x08000188                _start
                0x08000234                exit
                0x08000258                __putchar
                0x08000258                __getchar
 .init          0x080002dc      0x110 Calchack_F4 THUMB Debug/STM32_Startup.o
                0x080002dc                NMI_Handler
                0x080002de                HardFault_Handler
                0x080002e0                MemManage_Handler
                0x080002e2                BusFault_Handler
                0x080002e4                UsageFault_Handler
                0x080002e6                SVC_Handler
                0x080002e8                DebugMon_Handler
                0x080002ea                PendSV_Handler
                0x080002ec                SysTick_Handler
                0x080002ee                WWDG_IRQHandler
                0x080002f0                PVD_IRQHandler
                0x080002f2                TAMP_STAMP_IRQHandler
                0x080002f4                RTC_WKUP_IRQHandler
                0x080002f6                FLASH_IRQHandler
                0x080002f8                RCC_IRQHandler
                0x080002fa                EXTI0_IRQHandler
                0x080002fc                EXTI1_IRQHandler
                0x080002fe                EXTI2_IRQHandler
                0x08000300                EXTI3_IRQHandler
                0x08000302                EXTI4_IRQHandler
                0x08000304                DMA1_Stream0_IRQHandler
                0x08000306                DMA1_Stream1_IRQHandler
                0x08000308                DMA1_Stream2_IRQHandler
                0x0800030a                DMA1_Stream3_IRQHandler
                0x0800030c                DMA1_Stream4_IRQHandler
                0x0800030e                DMA1_Stream5_IRQHandler
                0x08000310                DMA1_Stream6_IRQHandler
                0x08000312                ADC_IRQHandler
                0x08000314                CAN1_TX_IRQHandler
                0x08000316                CAN1_RX0_IRQHandler
                0x08000318                CAN1_RX1_IRQHandler
                0x0800031a                CAN1_SCE_IRQHandler
                0x0800031c                EXTI9_5_IRQHandler
                0x0800031e                TIM1_BRK_TIM9_IRQHandler
                0x08000320                TIM1_UP_TIM10_IRQHandler
                0x08000322                TIM1_TRG_COM_TIM11_IRQHandler
                0x08000324                TIM1_CC_IRQHandler
                0x08000326                TIM2_IRQHandler
                0x08000328                TIM3_IRQHandler
                0x0800032a                TIM4_IRQHandler
                0x0800032c                I2C1_EV_IRQHandler
                0x0800032e                I2C1_ER_IRQHandler
                0x08000330                I2C2_EV_IRQHandler
                0x08000332                I2C2_ER_IRQHandler
                0x08000334                SPI1_IRQHandler
                0x08000336                SPI2_IRQHandler
                0x08000338                USART1_IRQHandler
                0x0800033a                USART2_IRQHandler
                0x0800033c                USART3_IRQHandler
                0x0800033e                EXTI15_10_IRQHandler
                0x08000340                RTC_Alarm_IRQHandler
                0x08000342                OTG_FS_WKUP_IRQHandler
                0x08000344                TIM8_BRK_TIM12_IRQHandler
                0x08000346                TIM8_UP_TIM13_IRQHandler
                0x08000348                TIM8_TRG_COM_TIM14_IRQHandler
                0x0800034a                TIM8_CC_IRQHandler
                0x0800034c                DMA1_Stream7_IRQHandler
                0x0800034e                FSMC_IRQHandler
                0x08000350                SDIO_IRQHandler
                0x08000352                TIM5_IRQHandler
                0x08000354                SPI3_IRQHandler
                0x08000356                UART4_IRQHandler
                0x08000358                UART5_IRQHandler
                0x0800035a                TIM6_DAC_IRQHandler
                0x0800035c                TIM7_IRQHandler
                0x0800035e                DMA2_Stream0_IRQHandler
                0x08000360                DMA2_Stream1_IRQHandler
                0x08000362                DMA2_Stream2_IRQHandler
                0x08000364                DMA2_Stream3_IRQHandler
                0x08000366                DMA2_Stream4_IRQHandler
                0x08000368                ETH_IRQHandler
                0x0800036a                ETH_WKUP_IRQHandler
                0x0800036c                CAN2_TX_IRQHandler
                0x0800036e                CAN2_RX0_IRQHandler
                0x08000370                CAN2_RX1_IRQHandler
                0x08000372                CAN2_SCE_IRQHandler
                0x08000374                OTG_FS_IRQHandler
                0x08000376                DMA2_Stream5_IRQHandler
                0x08000378                DMA2_Stream6_IRQHandler
                0x0800037a                DMA2_Stream7_IRQHandler
                0x0800037c                USART6_IRQHandler
                0x0800037e                I2C3_EV_IRQHandler
                0x08000380                I2C3_ER_IRQHandler
                0x08000382                OTG_HS_EP1_OUT_IRQHandler
                0x08000384                OTG_HS_EP1_IN_IRQHandler
                0x08000386                OTG_HS_WKUP_IRQHandler
                0x08000388                OTG_HS_IRQHandler
                0x0800038a                DCMI_IRQHandler
                0x0800038c                CRYP_IRQHandler
                0x0800038e                HASH_RNG_IRQHandler
                0x08000390                FPU_IRQHandler
                0x08000392                reset_handler
                0x080003ec                __init_end__ = (__init_start__ + SIZEOF (.init))
                0x080003ec                __init_load_end__ = __init_end__
                0x00000001                . = ASSERT (((__init_start__ == __init_end__) || ((__init_end__ >= __FLASH_segment_start__) && (__init_end__ <= __FLASH_segment_end__))), error: .init is too large to fit in FLASH memory segment)
                0x080003ec                __text_load_start__ = ALIGN (__init_end__, 0x4)

.text           0x080003ec     0x5e78
                0x080003ec                __text_start__ = .
 *(.text .text.* .glue_7t .glue_7 .gnu.linkonce.t.* .gcc_except_table .ARM.extab* .gnu.linkonce.armextab.*)
 .glue_7        0x00000000        0x0 linker stubs
 .glue_7t       0x00000000        0x0 linker stubs
 .text.GPIO_Init
                0x080003ec      0x11c Calchack_F4 THUMB Debug/stm32f4xx_gpio.o
                0x080003ec                GPIO_Init
 .text.GPIO_ReadInputDataBit
                0x08000508       0x34 Calchack_F4 THUMB Debug/stm32f4xx_gpio.o
                0x08000508                GPIO_ReadInputDataBit
 .text.RCC_AHB1PeriphClockCmd
                0x0800053c       0x3c Calchack_F4 THUMB Debug/stm32f4xx_rcc.o
                0x0800053c                RCC_AHB1PeriphClockCmd
 .text.SystemInit
                0x08000578       0x68 Calchack_F4 THUMB Debug/system_stm32f4xx.o
                0x08000578                SystemInit
 .text.SetSysClock
                0x080005e0       0xf4 Calchack_F4 THUMB Debug/system_stm32f4xx.o
 .text._Z12gfx_2d_clearv
                0x080006d4       0x48 Calchack_F4 THUMB Debug/gfx_2d.o
                0x080006d4                gfx_2d_clear()
 .text._Z12gfx_2d_pixeliii
                0x0800071c       0x7c Calchack_F4 THUMB Debug/gfx_2d.o
                0x0800071c                gfx_2d_pixel(int, int, int)
 .text._Z16gfx_2d_characteriiiii
                0x08000798       0xa8 Calchack_F4 THUMB Debug/gfx_2d.o
                0x08000798                gfx_2d_character(int, int, int, int, int)
 .text._Z13gfx_2d_stringPKciiiii
                0x08000840       0x54 Calchack_F4 THUMB Debug/gfx_2d.o
                0x08000840                gfx_2d_string(char const*, int, int, int, int, int)
 .text._Z11gfx_2d_lineiiiii
                0x08000894       0xb4 Calchack_F4 THUMB Debug/gfx_2d.o
                0x08000894                gfx_2d_line(int, int, int, int, int)
 .text._Z15gfx_2d_triangleiiiiiii
                0x08000948       0x44 Calchack_F4 THUMB Debug/gfx_2d.o
                0x08000948                gfx_2d_triangle(int, int, int, int, int, int, int)
 .text._Z30gfx_2d_fill_BottomFlatTriangle5pointS_S_i
                0x0800098c      0x12c Calchack_F4 THUMB Debug/gfx_2d.o
                0x0800098c                gfx_2d_fill_BottomFlatTriangle(point, point, point, int)
 .text._Z27gfx_2d_fill_TopFlatTriangle5pointS_S_i
                0x08000ab8      0x12c Calchack_F4 THUMB Debug/gfx_2d.o
                0x08000ab8                gfx_2d_fill_TopFlatTriangle(point, point, point, int)
 .text._Z20gfx_2d_fill_triangle5pointS_S_i
                0x08000be4      0x2d0 Calchack_F4 THUMB Debug/gfx_2d.o
                0x08000be4                gfx_2d_fill_triangle(point, point, point, int)
 .text._Z16gfx_2d_rectangleiiiii
                0x08000eb4       0x54 Calchack_F4 THUMB Debug/gfx_2d.o
                0x08000eb4                gfx_2d_rectangle(int, int, int, int, int)
 .text._Z21gfx_2d_fill_rectangleiiiii
                0x08000f08       0x70 Calchack_F4 THUMB Debug/gfx_2d.o
                0x08000f08                gfx_2d_fill_rectangle(int, int, int, int, int)
 .text._Z13gfx_2d_circle5pointfi
                0x08000f78      0x290 Calchack_F4 THUMB Debug/gfx_2d.o
                0x08000f78                gfx_2d_circle(point, float, int)
 .text._Z18gfx_2d_fill_circle5pointfii
                0x08001208      0x200 Calchack_F4 THUMB Debug/gfx_2d.o
                0x08001208                gfx_2d_fill_circle(point, float, int, int)
 .text._Z18gfx_2d_menu_simplePKci
                0x08001408      0x2b0 Calchack_F4 THUMB Debug/gfx_2d.o
                0x08001408                gfx_2d_menu_simple(char const*, int)
 .text._Z12gfx_3d_pixeliifi
                0x080016b8       0xd4 Calchack_F4 THUMB Debug/gfx_3d.o
                0x080016b8                gfx_3d_pixel(int, int, float, int)
 .text._Z30gfx_3d_fill_BottomFlatTriangle7verticeS_S_i
                0x0800178c      0x230 Calchack_F4 THUMB Debug/gfx_3d.o
                0x0800178c                gfx_3d_fill_BottomFlatTriangle(vertice, vertice, vertice, int)
 .text._Z27gfx_3d_fill_TopFlatTriangle7verticeS_S_i
                0x080019bc      0x248 Calchack_F4 THUMB Debug/gfx_3d.o
                0x080019bc                gfx_3d_fill_TopFlatTriangle(vertice, vertice, vertice, int)
 .text._Z20gfx_3d_fill_triangle7verticeS_S_i
                0x08001c04      0x370 Calchack_F4 THUMB Debug/gfx_3d.o
                0x08001c04                gfx_3d_fill_triangle(vertice, vertice, vertice, int)
 .text._Z16vertice_to_point7vertice
                0x08001f74       0x8c Calchack_F4 THUMB Debug/gfx_3d.o
                0x08001f74                vertice_to_point(vertice)
 .text._Z11drawpolygon7polygonfii
                0x08002000      0x230 Calchack_F4 THUMB Debug/gfx_3d.o
                0x08002000                drawpolygon(polygon, float, int, int)
 .text._ZN9obj3D_BoxC2Ev
                0x08002230       0x20 Calchack_F4 THUMB Debug/gfx_3d.o
                0x08002230                obj3D_Box::obj3D_Box()
                0x08002230                obj3D_Box::obj3D_Box()
 .text._ZN9obj3D_Box5resetEv
                0x08002250       0x7c Calchack_F4 THUMB Debug/gfx_3d.o
                0x08002250                obj3D_Box::reset()
 .text._ZN9obj3D_BoxD2Ev
                0x080022cc       0x18 Calchack_F4 THUMB Debug/gfx_3d.o
                0x080022cc                obj3D_Box::~obj3D_Box()
                0x080022cc                obj3D_Box::~obj3D_Box()
 .text._ZN9obj3D_Box4hideEv
                0x080022e4       0x98 Calchack_F4 THUMB Debug/gfx_3d.o
                0x080022e4                obj3D_Box::hide()
 .text._ZN9obj3D_Box4showEv
                0x0800237c       0x74 Calchack_F4 THUMB Debug/gfx_3d.o
                0x0800237c                obj3D_Box::show()
 .text._ZN9obj3D_Box6rotateE6vector
                0x080023f0       0x68 Calchack_F4 THUMB Debug/gfx_3d.o
                0x080023f0                obj3D_Box::rotate(vector)
 .text._ZN9obj3D_Box4moveE6vector
                0x08002458       0x68 Calchack_F4 THUMB Debug/gfx_3d.o
                0x08002458                obj3D_Box::move(vector)
 .text._ZN9obj3D_Box6resizeE6vector
                0x080024c0       0x3c Calchack_F4 THUMB Debug/gfx_3d.o
                0x080024c0                obj3D_Box::resize(vector)
 .text._ZN9obj3D_Box5colorEh
                0x080024fc       0x34 Calchack_F4 THUMB Debug/gfx_3d.o
                0x080024fc                obj3D_Box::color(unsigned char)
 .text._ZN9obj3D_Box6updateEv
                0x08002530      0xb10 Calchack_F4 THUMB Debug/gfx_3d.o
                0x08002530                obj3D_Box::update()
 .text._ZN6CameraC2Ev
                0x08003040       0x18 Calchack_F4 THUMB Debug/gfx_3d.o
                0x08003040                Camera::Camera()
                0x08003040                Camera::Camera()
 .text._ZN6CameraD2Ev
                0x08003058       0x18 Calchack_F4 THUMB Debug/gfx_3d.o
                0x08003058                Camera::~Camera()
                0x08003058                Camera::~Camera()
 .text._ZN6Camera5resetEv
                0x08003070       0x58 Calchack_F4 THUMB Debug/gfx_3d.o
                0x08003070                Camera::reset()
 .text._ZN6Camera6renderEPh
                0x080030c8      0x670 Calchack_F4 THUMB Debug/gfx_3d.o
                0x080030c8                Camera::render(unsigned char*)
 .text._Z10gfx3dsetupv
                0x08003738       0xb0 Calchack_F4 THUMB Debug/gfx_3d.o
                0x08003738                gfx3dsetup()
 .text._Z13gfx3dperiodicv
                0x080037e8      0x2f8 Calchack_F4 THUMB Debug/gfx_3d.o
                0x080037e8                gfx3dperiodic()
 .text.__tcf_0  0x08003ae0       0x28 Calchack_F4 THUMB Debug/gfx_3d.o
 .text._Z41__static_initialization_and_destruction_0ii
                0x08003b08       0x68 Calchack_F4 THUMB Debug/gfx_3d.o
 .text._GLOBAL__sub_I_zbuffer
                0x08003b70       0x10 Calchack_F4 THUMB Debug/gfx_3d.o
 .text._Z9LINK_initv
                0x08003b80       0x68 Calchack_F4 THUMB Debug/linkport.o
                0x08003b80                LINK_init()
 .text._Z13LINK_get_bytev
                0x08003be8      0x150 Calchack_F4 THUMB Debug/linkport.o
                0x08003be8                LINK_get_byte()
 .text._Z18LINK_wait_for_bytev
                0x08003d38       0x2c Calchack_F4 THUMB Debug/linkport.o
                0x08003d38                LINK_wait_for_byte()
 .text._Z23LINK_transfer_framedatav
                0x08003d64      0x558 Calchack_F4 THUMB Debug/linkport.o
                0x08003d64                LINK_transfer_framedata()
 .text._Z17LINK_send_commandhtPh
                0x080042bc       0x94 Calchack_F4 THUMB Debug/linkport.o
                0x080042bc                LINK_send_command(unsigned char, unsigned short, unsigned char*)
 .text._Z14LINK_send_byteh
                0x08004350       0xe8 Calchack_F4 THUMB Debug/linkport.o
                0x08004350                LINK_send_byte(unsigned char)
 .text._Z13LINK_send_keyt
                0x08004438       0x48 Calchack_F4 THUMB Debug/linkport.o
                0x08004438                LINK_send_key(unsigned short)
 .text._Z29LINK_send_array_with_checksumPKht
                0x08004480       0x64 Calchack_F4 THUMB Debug/linkport.o
                0x08004480                LINK_send_array_with_checksum(unsigned char const*, unsigned short)
 .text._Z12LINK_send_osv
                0x080044e4      0x180 Calchack_F4 THUMB Debug/linkport.o
                0x080044e4                LINK_send_os()
 .text.main     0x08004664     0x1158 Calchack_F4 THUMB Debug/main.o
                0x08004664                main
 .text.libc.__int32_to_float64
                0x080057bc       0x30 /Applications/CrossWorks for ARM 3.1/lib/libm_v7em_fpv4_sp_d16_hard_t_le_eabi.a(libm_asm.o)
                0x080057bc                __floatsidf
                0x080057bc                __aeabi_i2d
                0x080057bc                __int32_to_float64
 .text.libc.__uint32_to_float64
                0x080057ec       0x24 /Applications/CrossWorks for ARM 3.1/lib/libm_v7em_fpv4_sp_d16_hard_t_le_eabi.a(libm_asm.o)
                0x080057ec                __uint32_to_float64
                0x080057ec                __aeabi_ui2d
                0x080057ec                __floatunsidf
 .text.libc.__float64_to_int32
                0x08005810       0x50 /Applications/CrossWorks for ARM 3.1/lib/libm_v7em_fpv4_sp_d16_hard_t_le_eabi.a(libm_asm.o)
                0x08005810                __fixdfsi
                0x08005810                __aeabi_d2iz
                0x08005810                __float64_to_int32
 .text.libc.__float64_to_uint32
                0x08005860       0x2c /Applications/CrossWorks for ARM 3.1/lib/libm_v7em_fpv4_sp_d16_hard_t_le_eabi.a(libm_asm.o)
                0x08005860                __fixunsdfsi
                0x08005860                __aeabi_d2uiz
                0x08005860                __float64_to_uint32
 .text.libc.__float32_to_float64
                0x0800588c       0x38 /Applications/CrossWorks for ARM 3.1/lib/libm_v7em_fpv4_sp_d16_hard_t_le_eabi.a(libm_asm.o)
                0x0800588c                __extendsfdf2
                0x0800588c                __float32_to_float64
                0x0800588c                __aeabi_f2d
 .text.libc.__float64_to_float32
                0x080058c4       0x70 /Applications/CrossWorks for ARM 3.1/lib/libm_v7em_fpv4_sp_d16_hard_t_le_eabi.a(libm_asm.o)
                0x080058c4                __aeabi_d2f
                0x080058c4                __truncdfsf2
                0x080058c4                __float64_to_float32
 .text.libc.__float64_add
                0x08005934      0x294 /Applications/CrossWorks for ARM 3.1/lib/libm_v7em_fpv4_sp_d16_hard_t_le_eabi.a(libm_asm.o)
                0x08005934                __aeabi_drsub
                0x0800593c                __float64_sub
                0x0800593c                __aeabi_dsub
                0x0800593c                __subdf3
                0x08005940                __aeabi_dadd
                0x08005940                __float64_add
                0x08005940                __adddf3
 .text.libc.__float64_mul
                0x08005bc8      0x16c /Applications/CrossWorks for ARM 3.1/lib/libm_v7em_fpv4_sp_d16_hard_t_le_eabi.a(libm_asm.o)
                0x08005bc8                __aeabi_dmul
                0x08005bc8                __float64_mul
                0x08005bc8                __muldf3
 .text.libc.__float64_cmplt
                0x08005d34       0x38 /Applications/CrossWorks for ARM 3.1/lib/libm_v7em_fpv4_sp_d16_hard_t_le_eabi.a(libm_asm.o)
                0x08005d34                __aeabi_dcmplt
 .text.libc.__float64_cmpgt
                0x08005d6c       0x38 /Applications/CrossWorks for ARM 3.1/lib/libm_v7em_fpv4_sp_d16_hard_t_le_eabi.a(libm_asm.o)
                0x08005d6c                __aeabi_dcmpgt
 *fill*         0x08005da4        0x4 
 .text.libc.cos
                0x08005da8      0x1d0 /Applications/CrossWorks for ARM 3.1/lib/libm_v7em_fpv4_sp_d16_hard_t_le_eabi.a(libm2.o)
                0x08005da8                cos
 .text.libc.sin
                0x08005f78      0x1c8 /Applications/CrossWorks for ARM 3.1/lib/libm_v7em_fpv4_sp_d16_hard_t_le_eabi.a(libm2.o)
                0x08005f78                sin
 .text.libc.fabs
                0x08006140       0x10 /Applications/CrossWorks for ARM 3.1/lib/libm_v7em_fpv4_sp_d16_hard_t_le_eabi.a(libm2_asm.o)
                0x08006140                fabs
 .text.libc.floorf
                0x08006150       0x6c /Applications/CrossWorks for ARM 3.1/lib/libm_v7em_fpv4_sp_d16_hard_t_le_eabi.a(libm2_asm.o)
                0x08006150                floorf
 .text.libc.sqrtf
                0x080061bc        0x8 /Applications/CrossWorks for ARM 3.1/lib/libm_v7em_fpv4_sp_d16_hard_t_le_eabi.a(libm2_asm.o)
                0x080061bc                sqrtf
 .text.libc.abs
                0x080061c4        0x8 /Applications/CrossWorks for ARM 3.1/lib/libc_v7em_fpv4_sp_d16_hard_t_le_eabi.a(libc2.o)
                0x080061c4                abs
 .text.libc.atexit
                0x080061cc       0x24 /Applications/CrossWorks for ARM 3.1/lib/libc_v7em_fpv4_sp_d16_hard_t_le_eabi.a(libc2.o)
                0x080061cc                atexit
 .text.libc.rand
                0x080061f0       0x20 /Applications/CrossWorks for ARM 3.1/lib/libc_v7em_fpv4_sp_d16_hard_t_le_eabi.a(libc2.o)
                0x080061f0                rand
 .text.libc.memcpy
                0x08006210       0x48 /Applications/CrossWorks for ARM 3.1/lib/libc_v7em_fpv4_sp_d16_hard_t_le_eabi.a(libc2_asm.o)
                0x08006210                memcpy
                0x08006210                __aeabi_memcpy
                0x08006210                __aeabi_memcpy4
                0x08006210                __aeabi_memcpy8
 .text.libcpp.__aeabi_atexit
                0x08006258        0xc /Applications/CrossWorks for ARM 3.1/lib/libcpp_v7em_fpv4_sp_d16_hard_t_le_eabi.a(__aeabi_atexit.o)
                0x08006258                __aeabi_atexit
                0x08006264                __text_end__ = (__text_start__ + SIZEOF (.text))
                0x08006264                __text_load_end__ = __text_end__

.vfp11_veneer   0x00000000        0x0
 .vfp11_veneer  0x00000000        0x0 linker stubs

.v4_bx          0x00000000        0x0
 .v4_bx         0x00000000        0x0 linker stubs

.iplt           0x00000000        0x0
 .iplt          0x00000000        0x0 Calchack_F4 THUMB Debug/misc.o
                0x00000001                . = ASSERT (((__text_start__ == __text_end__) || ((__text_end__ >= __FLASH_segment_start__) && (__text_end__ <= __FLASH_segment_end__))), error: .text is too large to fit in FLASH memory segment)
                0x08006264                __dtors_load_start__ = ALIGN (__text_end__, 0x4)

.dtors          0x08006264        0x0
                0x08006264                __dtors_start__ = .
 *(SORT(.dtors.*))
 *(.dtors)
 *(.fini_array .fini_array.*)
                0x08006264                __dtors_end__ = (__dtors_start__ + SIZEOF (.dtors))
                0x08006264                __dtors_load_end__ = __dtors_end__
                0x00000001                . = ASSERT (((__dtors_start__ == __dtors_end__) || ((__dtors_end__ >= __FLASH_segment_start__) && (__dtors_end__ <= __FLASH_segment_end__))), error: .dtors is too large to fit in FLASH memory segment)
                0x08006264                __ctors_load_start__ = ALIGN (__dtors_end__, 0x4)

.ctors          0x08006264        0x4
                0x08006264                __ctors_start__ = .
 *(SORT(.ctors.*))
 *(.ctors)
 *(.init_array .init_array.*)
 .init_array    0x08006264        0x4 Calchack_F4 THUMB Debug/gfx_3d.o
                0x08006268                __ctors_end__ = (__ctors_start__ + SIZEOF (.ctors))
                0x08006268                __ctors_load_end__ = __ctors_end__
                0x00000001                . = ASSERT (((__ctors_start__ == __ctors_end__) || ((__ctors_end__ >= __FLASH_segment_start__) && (__ctors_end__ <= __FLASH_segment_end__))), error: .ctors is too large to fit in FLASH memory segment)
                0x08006268                __rodata_load_start__ = ALIGN (__ctors_end__, 0x4)

.rodata         0x08006268     0x26d8
                0x08006268                __rodata_start__ = .
 *(.rodata .rodata.* .gnu.linkonce.r.*)
 .rodata._ZL12font_default
                0x08006268      0x28c Calchack_F4 THUMB Debug/gfx_2d.o
 .rodata        0x080064f4        0xc Calchack_F4 THUMB Debug/gfx_3d.o
 .rodata        0x08006500       0x38 Calchack_F4 THUMB Debug/linkport.o
 .rodata._ZL8os_image
                0x08006538      0x1e4 Calchack_F4 THUMB Debug/linkport.o
 .rodata._ZL11framemask_1
                0x0800671c      0x100 Calchack_F4 THUMB Debug/linkport.o
 .rodata._ZL11framemask_2
                0x0800681c      0x780 Calchack_F4 THUMB Debug/linkport.o
 .rodata        0x08006f9c      0x1a4 Calchack_F4 THUMB Debug/main.o
 .rodata._ZL4img1
                0x08007140     0x1800 Calchack_F4 THUMB Debug/main.o
                0x08008940                __rodata_end__ = (__rodata_start__ + SIZEOF (.rodata))
                0x08008940                __rodata_load_end__ = __rodata_end__

.rel.dyn        0x08000000        0x0
 .rel.iplt      0x00000000        0x0 Calchack_F4 THUMB Debug/misc.o
                0x00000001                . = ASSERT (((__rodata_start__ == __rodata_end__) || ((__rodata_end__ >= __FLASH_segment_start__) && (__rodata_end__ <= __FLASH_segment_end__))), error: .rodata is too large to fit in FLASH memory segment)
                0x08008940                __ARM.exidx_load_start__ = ALIGN (__rodata_end__, 0x4)

.ARM.exidx      0x08008940        0x0
                0x08008940                __ARM.exidx_start__ = .
                0x08008940                __exidx_start = __ARM.exidx_start__
 *(.ARM.exidx .ARM.exidx.*)
                0x08008940                __ARM.exidx_end__ = (__ARM.exidx_start__ + SIZEOF (.ARM.exidx))
                0x08008940                __exidx_end = __ARM.exidx_end__
                0x08008940                __ARM.exidx_load_end__ = __ARM.exidx_end__
                0x00000001                . = ASSERT (((__ARM.exidx_start__ == __ARM.exidx_end__) || ((__ARM.exidx_end__ >= __FLASH_segment_start__) && (__ARM.exidx_end__ <= __FLASH_segment_end__))), error: .ARM.exidx is too large to fit in FLASH memory segment)
                0x08008940                __fast_load_start__ = ALIGN (__ARM.exidx_end__, 0x4)

.fast           0x20000000        0x0 load address 0x08008940
                0x20000000                __fast_start__ = .
 *(.fast .fast.*)
                0x20000000                __fast_end__ = (__fast_start__ + SIZEOF (.fast))
                0x08008940                __fast_load_end__ = (__fast_load_start__ + SIZEOF (.fast))
                0x00000001                . = ASSERT (((__fast_load_start__ == __fast_load_end__) || ((__fast_load_end__ >= __FLASH_segment_start__) && (__fast_load_end__ <= __FLASH_segment_end__))), error: .fast is too large to fit in FLASH memory segment)

.fast_run       0x20000000        0x0
                0x20000000                __fast_run_start__ = .
                0x20000000                . = MAX ((__fast_run_start__ + SIZEOF (.fast)), .)
                0x20000000                __fast_run_end__ = (__fast_run_start__ + SIZEOF (.fast_run))
                0x20000000                __fast_run_load_end__ = __fast_run_end__
                0x00000001                . = ASSERT (((__fast_run_start__ == __fast_run_end__) || ((__fast_run_end__ >= __RAM_segment_start__) && (__fast_run_end__ <= __RAM_segment_end__))), error: .fast_run is too large to fit in RAM memory segment)
                0x08008940                __data_load_start__ = ALIGN ((__fast_load_start__ + SIZEOF (.fast)), 0x4)

.data           0x20000000       0x6c load address 0x08008940
                0x20000000                __data_start__ = .
 *(.data .data.* .gnu.linkonce.d.*)
 .data.polygon_buffer_next_ID
                0x20000000        0x4 Calchack_F4 THUMB Debug/gfx_3d.o
                0x20000000                polygon_buffer_next_ID
 .data.rotation
                0x20000004       0x48 Calchack_F4 THUMB Debug/gfx_3d.o
                0x20000004                rotation
 .data.prgm_header
                0x2000004c        0xc Calchack_F4 THUMB Debug/linkport.o
                0x2000004c                prgm_header
 .data.password
                0x20000058        0xc Calchack_F4 THUMB Debug/linkport.o
                0x20000058                password
 .data.keydelay_1
                0x20000064        0x1 Calchack_F4 THUMB Debug/linkport.o
                0x20000064                keydelay_1
 .data.keydelay_2
                0x20000065        0x1 Calchack_F4 THUMB Debug/linkport.o
                0x20000065                keydelay_2
 *fill*         0x20000066        0x2 
 .data.libc.__RAL_rand_next
                0x20000068        0x4 /Applications/CrossWorks for ARM 3.1/lib/libc_v7em_fpv4_sp_d16_hard_t_le_eabi.a(libc2.o)
                0x20000068                __RAL_rand_next
                0x2000006c                __data_end__ = (__data_start__ + SIZEOF (.data))
                0x080089ac                __data_load_end__ = (__data_load_start__ + SIZEOF (.data))

.igot.plt       0x00000000        0x0
 .igot.plt      0x00000000        0x0 Calchack_F4 THUMB Debug/misc.o
                0x00000001                . = ASSERT (((__data_load_start__ == __data_load_end__) || ((__data_load_end__ >= __FLASH_segment_start__) && (__data_load_end__ <= __FLASH_segment_end__))), error: .data is too large to fit in FLASH memory segment)

.data_run       0x20000000       0x6c load address 0x08008940
                0x20000000                __data_run_start__ = .
                0x2000006c                . = MAX ((__data_run_start__ + SIZEOF (.data)), .)
 *fill*         0x20000000       0x6c 
                0x2000006c                __data_run_end__ = (__data_run_start__ + SIZEOF (.data_run))
                0x2000006c                __data_run_load_end__ = __data_run_end__
                0x00000001                . = ASSERT (((__data_run_start__ == __data_run_end__) || ((__data_run_end__ >= __RAM_segment_start__) && (__data_run_end__ <= __RAM_segment_end__))), error: .data_run is too large to fit in RAM memory segment)
                0x080089ac                __tdata_load_start__ = ALIGN ((__data_load_start__ + SIZEOF (.data)), 0x4)

.tdata          0x2000006c        0x0 load address 0x080089ac
                0x2000006c                __tdata_start__ = .
 *(.tdata .tdata.*)
                0x2000006c                __tdata_end__ = (__tdata_start__ + SIZEOF (.tdata))
                0x080089ac                __tdata_load_end__ = (__tdata_load_start__ + SIZEOF (.tdata))
                0x080089ac                __FLASH_segment_used_end__ = (ALIGN ((__data_load_start__ + SIZEOF (.data)), 0x4) + SIZEOF (.tdata))
                0x00000001                . = ASSERT (((__tdata_load_start__ == __tdata_load_end__) || ((__tdata_load_end__ >= __FLASH_segment_start__) && (__tdata_load_end__ <= __FLASH_segment_end__))), error: .tdata is too large to fit in FLASH memory segment)

.tdata_run      0x2000006c        0x0
                0x2000006c                __tdata_run_start__ = .
                0x2000006c                . = MAX ((__tdata_run_start__ + SIZEOF (.tdata)), .)
                0x2000006c                __tdata_run_end__ = (__tdata_run_start__ + SIZEOF (.tdata_run))
                0x2000006c                __tdata_run_load_end__ = __tdata_run_end__
                0x00000001                . = ASSERT (((__tdata_run_start__ == __tdata_run_end__) || ((__tdata_run_end__ >= __RAM_segment_start__) && (__tdata_run_end__ <= __RAM_segment_end__))), error: .tdata_run is too large to fit in RAM memory segment)
                0x2000006c                __bss_load_start__ = ALIGN (__tdata_run_end__, 0x4)

.bss            0x2000006c     0xd2d4
                0x2000006c                __bss_start__ = .
 *(.bss .bss.* .gnu.linkonce.b.*)
 .bss.zbuffer   0x2000006c     0x6000 Calchack_F4 THUMB Debug/gfx_3d.o
                0x2000006c                zbuffer
 .bss.polygon_buffer_next_entry
                0x2000606c        0x2 Calchack_F4 THUMB Debug/gfx_3d.o
                0x2000606c                polygon_buffer_next_entry
 *fill*         0x2000606e        0x2 
 .bss.cnt       0x20006070        0x4 Calchack_F4 THUMB Debug/gfx_3d.o
                0x20006070                cnt
 .bss.polygon_buffer
                0x20006074     0x55f0 Calchack_F4 THUMB Debug/gfx_3d.o
                0x20006074                polygon_buffer
 .bss.cube      0x2000b664      0x120 Calchack_F4 THUMB Debug/gfx_3d.o
                0x2000b664                cube
 .bss.cam1      0x2000b784       0x24 Calchack_F4 THUMB Debug/gfx_3d.o
                0x2000b784                cam1
 .bss.frame     0x2000b7a8        0x4 Calchack_F4 THUMB Debug/linkport.o
                0x2000b7a8                frame
 .bss.framebuffer
                0x2000b7ac     0x1800 Calchack_F4 THUMB Debug/linkport.o
                0x2000b7ac                framebuffer
 .bss.framebuffer_now
                0x2000cfac      0x300 Calchack_F4 THUMB Debug/linkport.o
                0x2000cfac                framebuffer_now
 .bss.return_to_tios
                0x2000d2ac        0x4 Calchack_F4 THUMB Debug/linkport.o
                0x2000d2ac                return_to_tios
 .bss.keys      0x2000d2b0        0x8 Calchack_F4 THUMB Debug/linkport.o
                0x2000d2b0                keys
 .bss.libc.atexitfn_count
                0x2000d2b8        0x4 /Applications/CrossWorks for ARM 3.1/lib/libc_v7em_fpv4_sp_d16_hard_t_le_eabi.a(libc2.o)
 .bss.libc.__atexitfns
                0x2000d2bc       0x80 /Applications/CrossWorks for ARM 3.1/lib/libc_v7em_fpv4_sp_d16_hard_t_le_eabi.a(libc2.o)
 .bss.libcpp.__dso_handle
                0x2000d33c        0x4 /Applications/CrossWorks for ARM 3.1/lib/libcpp_v7em_fpv4_sp_d16_hard_t_le_eabi.a(__cxa_atexit.o)
                0x2000d33c                __dso_handle
 *(COMMON)
                0x2000d340                __bss_end__ = (__bss_start__ + SIZEOF (.bss))
                0x2000d340                __bss_load_end__ = __bss_end__
                0x00000001                . = ASSERT (((__bss_start__ == __bss_end__) || ((__bss_end__ >= __RAM_segment_start__) && (__bss_end__ <= __RAM_segment_end__))), error: .bss is too large to fit in RAM memory segment)
                0x2000d340                __tbss_load_start__ = ALIGN (__bss_end__, 0x4)

.tbss           0x2000d340        0x0
                0x2000d340                __tbss_start__ = .
 *(.tbss .tbss.*)
                0x2000d340                __tbss_end__ = (__tbss_start__ + SIZEOF (.tbss))
                0x2000d340                __tbss_load_end__ = __tbss_end__
                0x00000001                . = ASSERT (((__tbss_start__ == __tbss_end__) || ((__tbss_end__ >= __RAM_segment_start__) && (__tbss_end__ <= __RAM_segment_end__))), error: .tbss is too large to fit in RAM memory segment)
                0x2000d340                __non_init_load_start__ = ALIGN (__tbss_end__, 0x4)

.non_init       0x2000d340        0x0
                0x2000d340                __non_init_start__ = .
 *(.non_init .non_init.*)
                0x2000d340                __non_init_end__ = (__non_init_start__ + SIZEOF (.non_init))
                0x2000d340                __non_init_load_end__ = __non_init_end__
                0x00000001                . = ASSERT (((__non_init_start__ == __non_init_end__) || ((__non_init_end__ >= __RAM_segment_start__) && (__non_init_end__ <= __RAM_segment_end__))), error: .non_init is too large to fit in RAM memory segment)
                0x2000d340                __heap_load_start__ = ALIGN (__non_init_end__, 0x4)

.heap           0x2000d340      0x3e8
                0x2000d340                __heap_start__ = .
 *(.heap .heap.*)
                0x2000d728                . = ALIGN (MAX ((__heap_start__ + __HEAPSIZE__), .), 0x4)
 *fill*         0x2000d340      0x3e8 
                0x2000d728                __heap_end__ = (__heap_start__ + SIZEOF (.heap))
                0x2000d728                __heap_load_end__ = __heap_end__
                0x00000001                . = ASSERT (((__heap_start__ == __heap_end__) || ((__heap_end__ >= __RAM_segment_start__) && (__heap_end__ <= __RAM_segment_end__))), error: .heap is too large to fit in RAM memory segment)
                0x2000d728                __stack_load_start__ = ALIGN (__heap_end__, 0x8)

.stack          0x2000d728      0x3e8
                0x2000d728                __stack_start__ = .
 *(.stack .stack.*)
                0x2000db10                . = ALIGN (MAX ((__stack_start__ + __STACKSIZE__), .), 0x8)
 *fill*         0x2000d728      0x3e8 
                0x2000db10                __stack_end__ = (__stack_start__ + SIZEOF (.stack))
                0x2000db10                __stack_load_end__ = __stack_end__
                0x00000001                . = ASSERT (((__stack_start__ == __stack_end__) || ((__stack_end__ >= __RAM_segment_start__) && (__stack_end__ <= __RAM_segment_end__))), error: .stack is too large to fit in RAM memory segment)
                0x2000db10                __stack_process_load_start__ = ALIGN (__stack_end__, 0x8)

.stack_process  0x2000db10        0x0
                0x2000db10                __stack_process_start__ = .
 *(.stack_process .stack_process.*)
                0x2000db10                . = ALIGN (MAX ((__stack_process_start__ + __STACKSIZE_PROCESS__), .), 0x8)
                0x2000db10                __stack_process_end__ = (__stack_process_start__ + SIZEOF (.stack_process))
                0x2000db10                __stack_process_load_end__ = __stack_process_end__
                0x2000db10                __RAM_segment_used_end__ = (ALIGN (__stack_end__, 0x8) + SIZEOF (.stack_process))
                0x00000001                . = ASSERT (((__stack_process_start__ == __stack_process_end__) || ((__stack_process_end__ >= __RAM_segment_start__) && (__stack_process_end__ <= __RAM_segment_end__))), error: .stack_process is too large to fit in RAM memory segment)
START GROUP
LOAD Calchack_F4 THUMB Debug/misc.o
LOAD Calchack_F4 THUMB Debug/stm32f4xx_adc.o
LOAD Calchack_F4 THUMB Debug/stm32f4xx_can.o
LOAD Calchack_F4 THUMB Debug/stm32f4xx_crc.o
LOAD Calchack_F4 THUMB Debug/stm32f4xx_cryp.o
LOAD Calchack_F4 THUMB Debug/stm32f4xx_cryp_aes.o
LOAD Calchack_F4 THUMB Debug/stm32f4xx_cryp_des.o
LOAD Calchack_F4 THUMB Debug/stm32f4xx_cryp_tdes.o
LOAD Calchack_F4 THUMB Debug/stm32f4xx_dac.o
LOAD Calchack_F4 THUMB Debug/stm32f4xx_dbgmcu.o
LOAD Calchack_F4 THUMB Debug/stm32f4xx_dcmi.o
LOAD Calchack_F4 THUMB Debug/stm32f4xx_dma.o
LOAD Calchack_F4 THUMB Debug/stm32f4xx_dma2d.o
LOAD Calchack_F4 THUMB Debug/stm32f4xx_exti.o
LOAD Calchack_F4 THUMB Debug/stm32f4xx_flash.o
LOAD Calchack_F4 THUMB Debug/stm32f4xx_fsmc.o
LOAD Calchack_F4 THUMB Debug/stm32f4xx_gpio.o
LOAD Calchack_F4 THUMB Debug/stm32f4xx_hash.o
LOAD Calchack_F4 THUMB Debug/stm32f4xx_hash_md5.o
LOAD Calchack_F4 THUMB Debug/stm32f4xx_hash_sha1.o
LOAD Calchack_F4 THUMB Debug/stm32f4xx_i2c.o
LOAD Calchack_F4 THUMB Debug/stm32f4xx_iwdg.o
LOAD Calchack_F4 THUMB Debug/stm32f4xx_ltdc.o
LOAD Calchack_F4 THUMB Debug/stm32f4xx_pwr.o
LOAD Calchack_F4 THUMB Debug/stm32f4xx_rcc.o
LOAD Calchack_F4 THUMB Debug/stm32f4xx_rng.o
LOAD Calchack_F4 THUMB Debug/stm32f4xx_rtc.o
LOAD Calchack_F4 THUMB Debug/stm32f4xx_sai.o
LOAD Calchack_F4 THUMB Debug/stm32f4xx_sdio.o
LOAD Calchack_F4 THUMB Debug/stm32f4xx_spi.o
LOAD Calchack_F4 THUMB Debug/stm32f4xx_syscfg.o
LOAD Calchack_F4 THUMB Debug/stm32f4xx_tim.o
LOAD Calchack_F4 THUMB Debug/stm32f4xx_usart.o
LOAD Calchack_F4 THUMB Debug/stm32f4xx_wwdg.o
LOAD Calchack_F4 THUMB Debug/system_stm32f4xx.o
LOAD Calchack_F4 THUMB Debug/gfx_2d.o
LOAD Calchack_F4 THUMB Debug/gfx_3d.o
LOAD Calchack_F4 THUMB Debug/linkport.o
LOAD Calchack_F4 THUMB Debug/main.o
LOAD Calchack_F4 THUMB Debug/thumb_crt0.o
LOAD Calchack_F4 THUMB Debug/STM32_Startup.o
LOAD /Applications/CrossWorks for ARM 3.1/lib/libcm_v7em_fpv4_sp_d16_hard_t_le_eabi.a
LOAD /Applications/CrossWorks for ARM 3.1/lib/libdebugio_mempoll_v7em_fpv4_sp_d16_hard_t_le_eabi.a
LOAD /Applications/CrossWorks for ARM 3.1/lib/libm_v7em_fpv4_sp_d16_hard_t_le_eabi.a
LOAD /Applications/CrossWorks for ARM 3.1/lib/libc_v7em_fpv4_sp_d16_hard_t_le_eabi.a
LOAD /Applications/CrossWorks for ARM 3.1/lib/libcpp_v7em_fpv4_sp_d16_hard_t_le_eabi.a
LOAD /Applications/CrossWorks for ARM 3.1/lib/libdebugio_v7em_fpv4_sp_d16_hard_t_le_eabi.a
LOAD /Applications/CrossWorks for ARM 3.1/lib/lib_vfprintf_float_long_long_v7em_fpv4_sp_d16_hard_t_le_eabi.a
LOAD /Applications/CrossWorks for ARM 3.1/lib/lib_vfscanf_float_long_long_cc_v7em_fpv4_sp_d16_hard_t_le_eabi.a
LOAD /Applications/CrossWorks for ARM 3.1/lib/libc_user_libc_v7em_fpv4_sp_d16_hard_t_le_eabi.a
END GROUP
OUTPUT(Calchack_F4 THUMB Debug/Calchack_F4.elf elf32-littlearm)

.debug_frame    0x00000000     0x5e30
 .debug_frame   0x00000000      0x244 Calchack_F4 THUMB Debug/stm32f4xx_gpio.o
 .debug_frame   0x00000244      0x81c Calchack_F4 THUMB Debug/stm32f4xx_rcc.o
 .debug_frame   0x00000a60       0x84 Calchack_F4 THUMB Debug/system_stm32f4xx.o
 .debug_frame   0x00000ae4      0x278 Calchack_F4 THUMB Debug/gfx_2d.o
 .debug_frame   0x00000d5c      0x7ac Calchack_F4 THUMB Debug/gfx_3d.o
 .debug_frame   0x00001508      0x254 Calchack_F4 THUMB Debug/linkport.o
 .debug_frame   0x0000175c       0x78 Calchack_F4 THUMB Debug/main.o
 .debug_frame   0x000017d4      0x640 /Applications/CrossWorks for ARM 3.1/lib/libm_v7em_fpv4_sp_d16_hard_t_le_eabi.a(libm_asm.o)
 .debug_frame   0x00001e14      0x990 /Applications/CrossWorks for ARM 3.1/lib/libm_v7em_fpv4_sp_d16_hard_t_le_eabi.a(libm2.o)
 .debug_frame   0x000027a4       0xe0 /Applications/CrossWorks for ARM 3.1/lib/libm_v7em_fpv4_sp_d16_hard_t_le_eabi.a(libm2_asm.o)
 .debug_frame   0x00002884     0x3434 /Applications/CrossWorks for ARM 3.1/lib/libc_v7em_fpv4_sp_d16_hard_t_le_eabi.a(libc2.o)
 .debug_frame   0x00005cb8      0x120 /Applications/CrossWorks for ARM 3.1/lib/libc_v7em_fpv4_sp_d16_hard_t_le_eabi.a(libc2_asm.o)
 .debug_frame   0x00005dd8       0x2c /Applications/CrossWorks for ARM 3.1/lib/libcpp_v7em_fpv4_sp_d16_hard_t_le_eabi.a(__aeabi_atexit.o)
 .debug_frame   0x00005e04       0x2c /Applications/CrossWorks for ARM 3.1/lib/libcpp_v7em_fpv4_sp_d16_hard_t_le_eabi.a(__cxa_atexit.o)

.debug_info     0x00000000     0x7d93
 .debug_info    0x00000000      0x5cb Calchack_F4 THUMB Debug/stm32f4xx_gpio.o
 .debug_info    0x000005cb      0xdc8 Calchack_F4 THUMB Debug/stm32f4xx_rcc.o
 .debug_info    0x00001393      0x582 Calchack_F4 THUMB Debug/system_stm32f4xx.o
 .debug_info    0x00001915      0xbcf Calchack_F4 THUMB Debug/gfx_2d.o
 .debug_info    0x000024e4     0x1d34 Calchack_F4 THUMB Debug/gfx_3d.o
 .debug_info    0x00004218      0xcee Calchack_F4 THUMB Debug/linkport.o
 .debug_info    0x00004f06      0x8c2 Calchack_F4 THUMB Debug/main.o
 .debug_info    0x000057c8       0x97 Calchack_F4 THUMB Debug/thumb_crt0.o
 .debug_info    0x0000585f       0xc9 Calchack_F4 THUMB Debug/STM32_Startup.o
 .debug_info    0x00005928      0x4ad /Applications/CrossWorks for ARM 3.1/lib/libm_v7em_fpv4_sp_d16_hard_t_le_eabi.a(libm2.o)
 .debug_info    0x00005dd5     0x1f60 /Applications/CrossWorks for ARM 3.1/lib/libc_v7em_fpv4_sp_d16_hard_t_le_eabi.a(libc2.o)
 .debug_info    0x00007d35       0x2f /Applications/CrossWorks for ARM 3.1/lib/libcpp_v7em_fpv4_sp_d16_hard_t_le_eabi.a(__aeabi_atexit.o)
 .debug_info    0x00007d64       0x2f /Applications/CrossWorks for ARM 3.1/lib/libcpp_v7em_fpv4_sp_d16_hard_t_le_eabi.a(__cxa_atexit.o)

.debug_abbrev   0x00000000      0xf32
 .debug_abbrev  0x00000000      0x1a3 Calchack_F4 THUMB Debug/stm32f4xx_gpio.o
 .debug_abbrev  0x000001a3      0x1ba Calchack_F4 THUMB Debug/stm32f4xx_rcc.o
 .debug_abbrev  0x0000035d      0x136 Calchack_F4 THUMB Debug/system_stm32f4xx.o
 .debug_abbrev  0x00000493      0x1f1 Calchack_F4 THUMB Debug/gfx_2d.o
 .debug_abbrev  0x00000684      0x376 Calchack_F4 THUMB Debug/gfx_3d.o
 .debug_abbrev  0x000009fa      0x1d3 Calchack_F4 THUMB Debug/linkport.o
 .debug_abbrev  0x00000bcd      0x170 Calchack_F4 THUMB Debug/main.o
 .debug_abbrev  0x00000d3d       0x14 Calchack_F4 THUMB Debug/thumb_crt0.o
 .debug_abbrev  0x00000d51       0x14 Calchack_F4 THUMB Debug/STM32_Startup.o
 .debug_abbrev  0x00000d65       0xc3 /Applications/CrossWorks for ARM 3.1/lib/libm_v7em_fpv4_sp_d16_hard_t_le_eabi.a(libm2.o)
 .debug_abbrev  0x00000e28       0xbe /Applications/CrossWorks for ARM 3.1/lib/libc_v7em_fpv4_sp_d16_hard_t_le_eabi.a(libc2.o)
 .debug_abbrev  0x00000ee6       0x26 /Applications/CrossWorks for ARM 3.1/lib/libcpp_v7em_fpv4_sp_d16_hard_t_le_eabi.a(__aeabi_atexit.o)
 .debug_abbrev  0x00000f0c       0x26 /Applications/CrossWorks for ARM 3.1/lib/libcpp_v7em_fpv4_sp_d16_hard_t_le_eabi.a(__cxa_atexit.o)

.debug_aranges  0x00000000     0x1650
 .debug_aranges
                0x00000000       0x88 Calchack_F4 THUMB Debug/stm32f4xx_gpio.o
 .debug_aranges
                0x00000088      0x1b8 Calchack_F4 THUMB Debug/stm32f4xx_rcc.o
 .debug_aranges
                0x00000240       0x30 Calchack_F4 THUMB Debug/system_stm32f4xx.o
 .debug_aranges
                0x00000270       0x88 Calchack_F4 THUMB Debug/gfx_2d.o
 .debug_aranges
                0x000002f8      0x188 Calchack_F4 THUMB Debug/gfx_3d.o
 .debug_aranges
                0x00000480       0x80 Calchack_F4 THUMB Debug/linkport.o
 .debug_aranges
                0x00000500       0x28 Calchack_F4 THUMB Debug/main.o
 .debug_aranges
                0x00000528       0x20 Calchack_F4 THUMB Debug/thumb_crt0.o
 .debug_aranges
                0x00000548       0x20 Calchack_F4 THUMB Debug/STM32_Startup.o
 .debug_aranges
                0x00000568      0x210 /Applications/CrossWorks for ARM 3.1/lib/libm_v7em_fpv4_sp_d16_hard_t_le_eabi.a(libm2.o)
 .debug_aranges
                0x00000778      0xe98 /Applications/CrossWorks for ARM 3.1/lib/libc_v7em_fpv4_sp_d16_hard_t_le_eabi.a(libc2.o)
 .debug_aranges
                0x00001610       0x20 /Applications/CrossWorks for ARM 3.1/lib/libcpp_v7em_fpv4_sp_d16_hard_t_le_eabi.a(__aeabi_atexit.o)
 .debug_aranges
                0x00001630       0x20 /Applications/CrossWorks for ARM 3.1/lib/libcpp_v7em_fpv4_sp_d16_hard_t_le_eabi.a(__cxa_atexit.o)

.debug_ranges   0x00000000     0x1560
 .debug_ranges  0x00000000       0x78 Calchack_F4 THUMB Debug/stm32f4xx_gpio.o
 .debug_ranges  0x00000078      0x1a8 Calchack_F4 THUMB Debug/stm32f4xx_rcc.o
 .debug_ranges  0x00000220       0x20 Calchack_F4 THUMB Debug/system_stm32f4xx.o
 .debug_ranges  0x00000240       0x78 Calchack_F4 THUMB Debug/gfx_2d.o
 .debug_ranges  0x000002b8      0x178 Calchack_F4 THUMB Debug/gfx_3d.o
 .debug_ranges  0x00000430       0x70 Calchack_F4 THUMB Debug/linkport.o
 .debug_ranges  0x000004a0       0x18 Calchack_F4 THUMB Debug/main.o
 .debug_ranges  0x000004b8      0x200 /Applications/CrossWorks for ARM 3.1/lib/libm_v7em_fpv4_sp_d16_hard_t_le_eabi.a(libm2.o)
 .debug_ranges  0x000006b8      0xe88 /Applications/CrossWorks for ARM 3.1/lib/libc_v7em_fpv4_sp_d16_hard_t_le_eabi.a(libc2.o)
 .debug_ranges  0x00001540       0x10 /Applications/CrossWorks for ARM 3.1/lib/libcpp_v7em_fpv4_sp_d16_hard_t_le_eabi.a(__aeabi_atexit.o)
 .debug_ranges  0x00001550       0x10 /Applications/CrossWorks for ARM 3.1/lib/libcpp_v7em_fpv4_sp_d16_hard_t_le_eabi.a(__cxa_atexit.o)

.debug_line     0x00000000     0x31a7
 .debug_line    0x00000000      0x294 Calchack_F4 THUMB Debug/stm32f4xx_gpio.o
 .debug_line    0x00000294      0x590 Calchack_F4 THUMB Debug/stm32f4xx_rcc.o
 .debug_line    0x00000824      0x1b0 Calchack_F4 THUMB Debug/system_stm32f4xx.o
 .debug_line    0x000009d4      0x45c Calchack_F4 THUMB Debug/gfx_2d.o
 .debug_line    0x00000e30      0x977 Calchack_F4 THUMB Debug/gfx_3d.o
 .debug_line    0x000017a7      0x505 Calchack_F4 THUMB Debug/linkport.o
 .debug_line    0x00001cac      0x3c4 Calchack_F4 THUMB Debug/main.o
 .debug_line    0x00002070      0x100 Calchack_F4 THUMB Debug/thumb_crt0.o
 .debug_line    0x00002170      0x138 Calchack_F4 THUMB Debug/STM32_Startup.o
 .debug_line    0x000022a8      0x327 /Applications/CrossWorks for ARM 3.1/lib/libm_v7em_fpv4_sp_d16_hard_t_le_eabi.a(libm2.o)
 .debug_line    0x000025cf      0xaf6 /Applications/CrossWorks for ARM 3.1/lib/libc_v7em_fpv4_sp_d16_hard_t_le_eabi.a(libc2.o)
 .debug_line    0x000030c5       0x72 /Applications/CrossWorks for ARM 3.1/lib/libcpp_v7em_fpv4_sp_d16_hard_t_le_eabi.a(__aeabi_atexit.o)
 .debug_line    0x00003137       0x70 /Applications/CrossWorks for ARM 3.1/lib/libcpp_v7em_fpv4_sp_d16_hard_t_le_eabi.a(__cxa_atexit.o)

.debug_str      0x00000000     0x4402
 .debug_str     0x00000000      0x468 Calchack_F4 THUMB Debug/stm32f4xx_gpio.o
                                0x4ed (size before relaxing)
 .debug_str     0x00000468      0x7c1 Calchack_F4 THUMB Debug/stm32f4xx_rcc.o
                                0x9e2 (size before relaxing)
 .debug_str     0x00000c29      0x122 Calchack_F4 THUMB Debug/system_stm32f4xx.o
                                0x417 (size before relaxing)
 .debug_str     0x00000d4b      0x629 Calchack_F4 THUMB Debug/gfx_2d.o
                                0x757 (size before relaxing)
 .debug_str     0x00001374      0x897 Calchack_F4 THUMB Debug/gfx_3d.o
                                0xcb7 (size before relaxing)
 .debug_str     0x00001c0b      0x431 Calchack_F4 THUMB Debug/linkport.o
                                0x8d8 (size before relaxing)
 .debug_str     0x0000203c       0xfb Calchack_F4 THUMB Debug/main.o
                                0x411 (size before relaxing)
 .debug_str     0x00002137      0x2fa /Applications/CrossWorks for ARM 3.1/lib/libm_v7em_fpv4_sp_d16_hard_t_le_eabi.a(libm2.o)
                                0x33a (size before relaxing)
 .debug_str     0x00002431     0x1dac /Applications/CrossWorks for ARM 3.1/lib/libc_v7em_fpv4_sp_d16_hard_t_le_eabi.a(libc2.o)
                               0x1f16 (size before relaxing)
 .debug_str     0x000041dd      0x1c8 /Applications/CrossWorks for ARM 3.1/lib/libcpp_v7em_fpv4_sp_d16_hard_t_le_eabi.a(__aeabi_atexit.o)
 .debug_str     0x000043a5       0x5d /Applications/CrossWorks for ARM 3.1/lib/libcpp_v7em_fpv4_sp_d16_hard_t_le_eabi.a(__cxa_atexit.o)
                                0x1c4 (size before relaxing)

.comment        0x00000000       0x4e
 .comment       0x00000000       0x4e Calchack_F4 THUMB Debug/stm32f4xx_gpio.o
                                 0x4f (size before relaxing)
 .comment       0x00000000       0x4f Calchack_F4 THUMB Debug/stm32f4xx_rcc.o
 .comment       0x00000000       0x4f Calchack_F4 THUMB Debug/system_stm32f4xx.o
 .comment       0x00000000       0x4f Calchack_F4 THUMB Debug/gfx_2d.o
 .comment       0x00000000       0x4f Calchack_F4 THUMB Debug/gfx_3d.o
 .comment       0x00000000       0x4f Calchack_F4 THUMB Debug/linkport.o
 .comment       0x00000000       0x4f Calchack_F4 THUMB Debug/main.o
 .comment       0x00000000       0x4f /Applications/CrossWorks for ARM 3.1/lib/libm_v7em_fpv4_sp_d16_hard_t_le_eabi.a(libm2.o)
 .comment       0x00000000       0x4f /Applications/CrossWorks for ARM 3.1/lib/libc_v7em_fpv4_sp_d16_hard_t_le_eabi.a(libc2.o)
 .comment       0x00000000       0x4f /Applications/CrossWorks for ARM 3.1/lib/libcpp_v7em_fpv4_sp_d16_hard_t_le_eabi.a(__aeabi_atexit.o)
 .comment       0x00000000       0x4f /Applications/CrossWorks for ARM 3.1/lib/libcpp_v7em_fpv4_sp_d16_hard_t_le_eabi.a(__cxa_atexit.o)

.ARM.attributes
                0x00000000       0x37
 .ARM.attributes
                0x00000000       0x39 Calchack_F4 THUMB Debug/stm32f4xx_gpio.o
 .ARM.attributes
                0x00000039       0x39 Calchack_F4 THUMB Debug/stm32f4xx_rcc.o
 .ARM.attributes
                0x00000072       0x39 Calchack_F4 THUMB Debug/system_stm32f4xx.o
 .ARM.attributes
                0x000000ab       0x39 Calchack_F4 THUMB Debug/gfx_2d.o
 .ARM.attributes
                0x000000e4       0x39 Calchack_F4 THUMB Debug/gfx_3d.o
 .ARM.attributes
                0x0000011d       0x39 Calchack_F4 THUMB Debug/linkport.o
 .ARM.attributes
                0x00000156       0x39 Calchack_F4 THUMB Debug/main.o
 .ARM.attributes
                0x0000018f       0x25 Calchack_F4 THUMB Debug/thumb_crt0.o
 .ARM.attributes
                0x000001b4       0x25 Calchack_F4 THUMB Debug/STM32_Startup.o
 .ARM.attributes
                0x000001d9       0x20 /Applications/CrossWorks for ARM 3.1/lib/libm_v7em_fpv4_sp_d16_hard_t_le_eabi.a(libm_asm.o)
 .ARM.attributes
                0x000001f9       0x34 /Applications/CrossWorks for ARM 3.1/lib/libm_v7em_fpv4_sp_d16_hard_t_le_eabi.a(libm2.o)
 .ARM.attributes
                0x0000022d       0x20 /Applications/CrossWorks for ARM 3.1/lib/libm_v7em_fpv4_sp_d16_hard_t_le_eabi.a(libm2_asm.o)
 .ARM.attributes
                0x0000024d       0x34 /Applications/CrossWorks for ARM 3.1/lib/libc_v7em_fpv4_sp_d16_hard_t_le_eabi.a(libc2.o)
 .ARM.attributes
                0x00000281       0x20 /Applications/CrossWorks for ARM 3.1/lib/libc_v7em_fpv4_sp_d16_hard_t_le_eabi.a(libc2_asm.o)
 .ARM.attributes
                0x000002a1       0x34 /Applications/CrossWorks for ARM 3.1/lib/libcpp_v7em_fpv4_sp_d16_hard_t_le_eabi.a(__aeabi_atexit.o)
 .ARM.attributes
                0x000002d5       0x34 /Applications/CrossWorks for ARM 3.1/lib/libcpp_v7em_fpv4_sp_d16_hard_t_le_eabi.a(__cxa_atexit.o)
