Archive member included because of file (symbol)

/Applications/CrossWorks for ARM 2.3/lib/libm_v7em_t_le_eabi.a(libm_asm.o)
                              THUMB Release/main.o (__aeabi_i2f)
/Applications/CrossWorks for ARM 2.3/lib/libm_v7em_t_le_eabi.a(libm2.o)
                              THUMB Release/main.o (cos)
/Applications/CrossWorks for ARM 2.3/lib/libm_v7em_t_le_eabi.a(libm2_asm.o)
                              /Applications/CrossWorks for ARM 2.3/lib/libm_v7em_t_le_eabi.a(libm2.o) (fabs)
/Applications/CrossWorks for ARM 2.3/lib/libc_v7em_t_le_eabi.a(libc2.o)
                              THUMB Release/main.o (abs)
/Applications/CrossWorks for ARM 2.3/lib/libc_v7em_t_le_eabi.a(libc2_asm.o)
                              /Applications/CrossWorks for ARM 2.3/lib/libc_v7em_t_le_eabi.a(libc2.o) (memcpy)
/Applications/CrossWorks for ARM 2.3/lib/libc_v7em_t_le_eabi.a(__vfprintf_int.o)
                              (__vfprintf_int)
/Applications/CrossWorks for ARM 2.3/lib/libc_v7em_t_le_eabi.a(__vfscanf_int.o)
                              (__vfscanf_int)
/Applications/CrossWorks for ARM 2.3/lib/libc_v7em_t_le_eabi.a(libc_asm.o)
                              /Applications/CrossWorks for ARM 2.3/lib/libc_v7em_t_le_eabi.a(libc2.o) (__aeabi_uldivmod)
/Applications/CrossWorks for ARM 2.3/lib/libdebugio_v7em_t_le_eabi.a(libdebugio.o)
                              (__do_debug_operation_mempoll)
/Applications/CrossWorks for ARM 2.3/lib/libc_user_libc_v7em_t_le_eabi.a(user_libc.o)
                              /Applications/CrossWorks for ARM 2.3/lib/libm_v7em_t_le_eabi.a(libm2.o) (__errno)

Discarded input sections

 .text          0x00000000        0x0 THUMB Release/main.o
 .data          0x00000000        0x0 THUMB Release/main.o
 .bss           0x00000000        0x0 THUMB Release/main.o
 .bss.empty_array
                0x00000000        0x4 THUMB Release/main.o
 .bss.backup    0x00000000     0x7530 THUMB Release/main.o
 .data.request_backup_command
                0x00000000       0x14 THUMB Release/main.o
 .bss.dada      0x00000000        0xc THUMB Release/main.o
 .bss.calibrate
                0x00000000        0x4 THUMB Release/main.o
 .data.key_sequence
                0x00000000      0xfa0 THUMB Release/main.o
 .bss.activevertice
                0x00000000       0x10 THUMB Release/main.o
 .text.LINK_get_bit
                0x00000000       0xcc THUMB Release/main.o
 .text.LINK_send_array
                0x00000000       0x38 THUMB Release/main.o
 .text.LINK_send_key_sequence
                0x00000000       0x40 THUMB Release/main.o
 .text.boot     0x00000000       0xa8 THUMB Release/main.o
 .text.delay    0x00000000       0x28 THUMB Release/main.o
 .text.clearpixel
                0x00000000       0x84 THUMB Release/main.o
 .text.clearline
                0x00000000       0xc0 THUMB Release/main.o
 .text.invertline
                0x00000000       0xc0 THUMB Release/main.o
 .text.settriangle
                0x00000000       0x3c THUMB Release/main.o
 .text.cleartriangle
                0x00000000       0x3c THUMB Release/main.o
 .text.inverttriangle
                0x00000000       0x3c THUMB Release/main.o
 .text.setrectangle
                0x00000000       0x4c THUMB Release/main.o
 .text.clearrectangle
                0x00000000       0x4c THUMB Release/main.o
 .text.transferdelay
                0x00000000       0x24 THUMB Release/main.o
 .text.calibrate_clock
                0x00000000       0x70 THUMB Release/main.o
 .text.LINK_get_backup
                0x00000000      0x4c8 THUMB Release/main.o
 .text          0x00000000        0x0 THUMB Release/misc.o
 .data          0x00000000        0x0 THUMB Release/misc.o
 .bss           0x00000000        0x0 THUMB Release/misc.o
 .text.NVIC_PriorityGroupConfig
                0x00000000       0x5c THUMB Release/misc.o
 .text.NVIC_Init
                0x00000000      0x128 THUMB Release/misc.o
 .text.NVIC_SetVectorTable
                0x00000000       0x64 THUMB Release/misc.o
 .text.NVIC_SystemLPConfig
                0x00000000       0x90 THUMB Release/misc.o
 .text.SysTick_CLKSourceConfig
                0x00000000       0x68 THUMB Release/misc.o
 .debug_frame   0x00000000       0xec THUMB Release/misc.o
 .debug_info    0x00000000       0xcd THUMB Release/misc.o
 .debug_abbrev  0x00000000       0x4f THUMB Release/misc.o
 .debug_loc     0x00000000      0x118 THUMB Release/misc.o
 .debug_aranges
                0x00000000       0x40 THUMB Release/misc.o
 .debug_ranges  0x00000000       0x30 THUMB Release/misc.o
 .debug_line    0x00000000       0x5d THUMB Release/misc.o
 .debug_str     0x00000000       0xf6 THUMB Release/misc.o
 .comment       0x00000000       0x4f THUMB Release/misc.o
 .ARM.attributes
                0x00000000       0x33 THUMB Release/misc.o
 .text          0x00000000        0x0 THUMB Release/stm32f4xx_adc.o
 .data          0x00000000        0x0 THUMB Release/stm32f4xx_adc.o
[...]
Memory Configuration

Name             Origin             Length             Attributes
UNPLACED_SECTIONS 0xffffffff         0x00000000         xw
FLASH            0x08000000         0x00100000         xr
DATA_SRAM        0x10000000         0x00010000         xw
SYSTEM           0x1fff0000         0x00007a10         xw
OPTION           0x1fffc000         0x00000008         xw
RAM              0x20000000         0x00020000         xw
SRAM1            0x20000000         0x0001c000         xw
SRAM2            0x2001c000         0x00004000         xw
APB1             0x40000000         0x00007800         xw
APB2             0x40010000         0x00004c00         xw
AHB1             0x40020000         0x00080000         xw
AHB2             0x50000000         0x00060c00         xw
AHB3             0xa0000000         0x00001000         xw
PCCARD           0x90000000         0x00000000         xw
NAND2            0x80000000         0x00000000         xw
NAND1            0x70000000         0x00000000         xw
NOR_PSRAM4       0x6c000000         0x00000000         xw
NOR_PSRAM3       0x68000000         0x00000000         xw
NOR_PSRAM2       0x64000000         0x00000000         xw
NOR_PSRAM1       0x60000000         0x00000000         xw
PPB              0xe0000000         0x00100000         xw
DBG              0xe0042000         0x00000010         xw
CM3_System_Control_Space 0xe000e000         0x00001000         xw
*default*        0x00000000         0xffffffff

Linker script and memory map

                0x08006778                __do_debug_operation = __do_debug_operation_mempoll
                0x08005a04                __vfprintf = __vfprintf_int
                0x08006274                __vfscanf = __vfscanf_int
                0x08000000                __FLASH_segment_start__ = 0x8000000
                0x08100000                __FLASH_segment_end__ = 0x8100000
                0x10000000                __DATA_SRAM_segment_start__ = 0x10000000
                0x10010000                __DATA_SRAM_segment_end__ = 0x10010000
                0x1fff0000                __SYSTEM_segment_start__ = 0x1fff0000
                0x1fff7a10                __SYSTEM_segment_end__ = 0x1fff7a10
                0x1fffc000                __OPTION_segment_start__ = 0x1fffc000
                0x1fffc008                __OPTION_segment_end__ = 0x1fffc008
                0x20000000                __RAM_segment_start__ = 0x20000000
                0x20020000                __RAM_segment_end__ = 0x20020000
                0x20000000                __SRAM1_segment_start__ = 0x20000000
                0x2001c000                __SRAM1_segment_end__ = 0x2001c000
                0x2001c000                __SRAM2_segment_start__ = 0x2001c000
                0x20020000                __SRAM2_segment_end__ = 0x20020000
                0x40000000                __APB1_segment_start__ = 0x40000000
                0x40007800                __APB1_segment_end__ = 0x40007800
                0x40010000                __APB2_segment_start__ = 0x40010000
                0x40014c00                __APB2_segment_end__ = 0x40014c00
                0x40020000                __AHB1_segment_start__ = 0x40020000
                0x400a0000                __AHB1_segment_end__ = 0x400a0000
                0x50000000                __AHB2_segment_start__ = 0x50000000
                0x50060c00                __AHB2_segment_end__ = 0x50060c00
                0xa0000000                __AHB3_segment_start__ = 0xa0000000
                0xa0001000                __AHB3_segment_end__ = 0xa0001000
                0x90000000                __PCCARD_segment_start__ = 0x90000000
                0x90000000                __PCCARD_segment_end__ = 0x90000000
                0x80000000                __NAND2_segment_start__ = 0x80000000
                0x80000000                __NAND2_segment_end__ = 0x80000000
                0x70000000                __NAND1_segment_start__ = 0x70000000
                0x70000000                __NAND1_segment_end__ = 0x70000000
                0x6c000000                __NOR_PSRAM4_segment_start__ = 0x6c000000
                0x6c000000                __NOR_PSRAM4_segment_end__ = 0x6c000000
                0x68000000                __NOR_PSRAM3_segment_start__ = 0x68000000
                0x68000000                __NOR_PSRAM3_segment_end__ = 0x68000000
                0x64000000                __NOR_PSRAM2_segment_start__ = 0x64000000
                0x64000000                __NOR_PSRAM2_segment_end__ = 0x64000000
                0x60000000                __NOR_PSRAM1_segment_start__ = 0x60000000
                0x60000000                __NOR_PSRAM1_segment_end__ = 0x60000000
                0xe0000000                __PPB_segment_start__ = 0xe0000000
                0xe0100000                __PPB_segment_end__ = 0xe0100000
                0xe0042000                __DBG_segment_start__ = 0xe0042000
                0xe0042010                __DBG_segment_end__ = 0xe0042010
                0xe000e000                __CM3_System_Control_Space_segment_start__ = 0xe000e000
                0xe000f000                __CM3_System_Control_Space_segment_end__ = 0xe000f000
                0x00000100                __STACKSIZE__ = 0x100
                0x00000000                __STACKSIZE_PROCESS__ = 0x0
                0x00000000                __STACKSIZE_IRQ__ = 0x0
                0x00000000                __STACKSIZE_FIQ__ = 0x0
                0x00000000                __STACKSIZE_SVC__ = 0x0
                0x00000000                __STACKSIZE_ABT__ = 0x0
                0x00000000                __STACKSIZE_UND__ = 0x0
                0x00000080                __HEAPSIZE__ = 0x80
                0x20000000                __vectors_ram_load_start__ = ALIGN (__RAM_segment_start__, 0x100)

.vectors_ram    0x20000000        0x0
                0x20000000                __vectors_ram_start__ = .
 *(.vectors_ram .vectors_ram.*)
                0x20000000                __vectors_ram_end__ = (__vectors_ram_start__ + SIZEOF (.vectors_ram))
                0x20000000                __vectors_ram_load_end__ = __vectors_ram_end__
                0x00000001                . = ASSERT (((__vectors_ram_end__ >= __RAM_segment_start__) && (__vectors_ram_end__ <= __RAM_segment_end__)), error: .vectors_ram is too large to fit in RAM memory segment)
                0x08000000                __vectors_load_start__ = ALIGN (__FLASH_segment_start__, 0x100)

.vectors        0x08000000      0x188
                0x08000000                __vectors_start__ = .
 *(.vectors .vectors.*)
 .vectors       0x08000000      0x188 THUMB Release/STM32_Startup.o
                0x08000000                _vectors
                0x08000188                __vectors_end__ = (__vectors_start__ + SIZEOF (.vectors))
                0x08000188                __vectors_load_end__ = __vectors_end__
                0x00000001                . = ASSERT (((__vectors_end__ >= __FLASH_segment_start__) && (__vectors_end__ <= __FLASH_segment_end__)), error: .vectors is too large to fit in FLASH memory segment)
                0x08000188                __init_load_start__ = ALIGN (__vectors_end__, 0x4)

.init           0x08000188      0x204
                0x08000188                __init_start__ = .
 *(.init .init.*)
 .init          0x08000188      0x12c THUMB Release/thumb_crt0.o
                0x08000188                _start
                0x08000220                exit
                0x08000244                __putchar
                0x08000244                __getchar
 .init          0x080002b4       0xd8 THUMB Release/STM32_Startup.o
                0x080002b4                NMI_Handler
                0x080002b6                HardFault_Handler
                0x080002b8                MemManage_Handler
                0x080002ba                BusFault_Handler
                0x080002bc                UsageFault_Handler
                0x080002be                SVC_Handler
                0x080002c0                DebugMon_Handler
                0x080002c2                PendSV_Handler
                0x080002c4                SysTick_Handler
                0x080002c6                WWDG_IRQHandler
                0x080002c8                PVD_IRQHandler
                0x080002ca                TAMP_STAMP_IRQHandler
                0x080002cc                RTC_WKUP_IRQHandler
                0x080002ce                FLASH_IRQHandler
                0x080002d0                RCC_IRQHandler
                0x080002d2                EXTI0_IRQHandler
                0x080002d4                EXTI1_IRQHandler
                0x080002d6                EXTI2_IRQHandler
                0x080002d8                EXTI3_IRQHandler
                0x080002da                EXTI4_IRQHandler
                0x080002dc                DMA1_Stream0_IRQHandler
                0x080002de                DMA1_Stream1_IRQHandler
                0x080002e0                DMA1_Stream2_IRQHandler
                0x080002e2                DMA1_Stream3_IRQHandler
                0x080002e4                DMA1_Stream4_IRQHandler
                0x080002e6                DMA1_Stream5_IRQHandler
                0x080002e8                DMA1_Stream6_IRQHandler
                0x080002ea                ADC_IRQHandler
                0x080002ec                CAN1_TX_IRQHandler
                0x080002ee                CAN1_RX0_IRQHandler
                0x080002f0                CAN1_RX1_IRQHandler
                0x080002f2                CAN1_SCE_IRQHandler
                0x080002f4                EXTI9_5_IRQHandler
                0x080002f6                TIM1_BRK_TIM9_IRQHandler
                0x080002f8                TIM1_UP_TIM10_IRQHandler
                0x080002fa                TIM1_TRG_COM_TIM11_IRQHandler
                0x080002fc                TIM1_CC_IRQHandler
                0x080002fe                TIM2_IRQHandler
                0x08000300                TIM3_IRQHandler
                0x08000302                TIM4_IRQHandler
                0x08000304                I2C1_EV_IRQHandler
                0x08000306                I2C1_ER_IRQHandler
                0x08000308                I2C2_EV_IRQHandler
                0x0800030a                I2C2_ER_IRQHandler
                0x0800030c                SPI1_IRQHandler
                0x0800030e                SPI2_IRQHandler
                0x08000310                USART1_IRQHandler
                0x08000312                USART2_IRQHandler
                0x08000314                USART3_IRQHandler
                0x08000316                EXTI15_10_IRQHandler
                0x08000318                RTC_Alarm_IRQHandler
                0x0800031a                OTG_FS_WKUP_IRQHandler
                0x0800031c                TIM8_BRK_TIM12_IRQHandler
                0x0800031e                TIM8_UP_TIM13_IRQHandler
                0x08000320                TIM8_TRG_COM_TIM14_IRQHandler
                0x08000322                TIM8_CC_IRQHandler
                0x08000324                DMA1_Stream7_IRQHandler
                0x08000326                FSMC_IRQHandler
                0x08000328                SDIO_IRQHandler
                0x0800032a                TIM5_IRQHandler
                0x0800032c                SPI3_IRQHandler
                0x0800032e                UART4_IRQHandler
                0x08000330                UART5_IRQHandler
                0x08000332                TIM6_DAC_IRQHandler
                0x08000334                TIM7_IRQHandler
                0x08000336                DMA2_Stream0_IRQHandler
                0x08000338                DMA2_Stream1_IRQHandler
                0x0800033a                DMA2_Stream2_IRQHandler
                0x0800033c                DMA2_Stream3_IRQHandler
                0x0800033e                DMA2_Stream4_IRQHandler
                0x08000340                ETH_IRQHandler
                0x08000342                ETH_WKUP_IRQHandler
                0x08000344                CAN2_TX_IRQHandler
                0x08000346                CAN2_RX0_IRQHandler
                0x08000348                CAN2_RX1_IRQHandler
                0x0800034a                CAN2_SCE_IRQHandler
                0x0800034c                OTG_FS_IRQHandler
                0x0800034e                DMA2_Stream5_IRQHandler
                0x08000350                DMA2_Stream6_IRQHandler
                0x08000352                DMA2_Stream7_IRQHandler
                0x08000354                USART6_IRQHandler
                0x08000356                I2C3_EV_IRQHandler
                0x08000358                I2C3_ER_IRQHandler
                0x0800035a                OTG_HS_EP1_OUT_IRQHandler
                0x0800035c                OTG_HS_EP1_IN_IRQHandler
                0x0800035e                OTG_HS_WKUP_IRQHandler
                0x08000360                OTG_HS_IRQHandler
                0x08000362                DCMI_IRQHandler
                0x08000364                CRYP_IRQHandler
                0x08000366                HASH_RNG_IRQHandler
                0x08000368                FPU_IRQHandler
                0x0800036a                reset_handler
                0x0800038c                __init_end__ = (__init_start__ + SIZEOF (.init))
                0x0800038c                __init_load_end__ = __init_end__
                0x00000001                . = ASSERT (((__init_end__ >= __FLASH_segment_start__) && (__init_end__ <= __FLASH_segment_end__)), error: .init is too large to fit in FLASH memory segment)
                0x0800038c                __text_load_start__ = ALIGN (__init_end__, 0x4)

.text           0x0800038c     0x6430
                0x0800038c                __text_start__ = .
 *(.text .text.* .glue_7t .glue_7 .gnu.linkonce.t.* .gcc_except_table .ARM.extab* .gnu.linkonce.armextab.*)
 .glue_7        0x00000000        0x0 linker stubs
 .glue_7t       0x00000000        0x0 linker stubs
 .text.WS2812_init
                0x0800038c       0x6c THUMB Release/main.o
                0x0800038c                WS2812_init
 .text.WS2812_update
                0x080003f8      0x164 THUMB Release/main.o
                0x080003f8                WS2812_update
 .text.delay_us
                0x0800055c       0x38 THUMB Release/main.o
                0x0800055c                delay_us
 .text.LINK_init
                0x08000594      0x148 THUMB Release/main.o
                0x08000594                LINK_init
 .text.LINK_get_byte
                0x080006dc      0x124 THUMB Release/main.o
                0x080006dc                LINK_get_byte
 .text.LINK_wait_for_byte
                0x08000800       0x2c THUMB Release/main.o
                0x08000800                LINK_wait_for_byte
 .text.LINK_send_byte
                0x0800082c       0xd4 THUMB Release/main.o
                0x0800082c                LINK_send_byte
 .text.LINK_send_key
                0x08000900       0x50 THUMB Release/main.o
                0x08000900                LINK_send_key
 .text.LINK_send_command
                0x08000950       0xa0 THUMB Release/main.o
                0x08000950                LINK_send_command
 .text.LINK_send_array_with_checksum
                0x080009f0       0x70 THUMB Release/main.o
                0x080009f0                LINK_send_array_with_checksum
 .text.clear_buffer
                0x08000a60       0x3c THUMB Release/main.o
                0x08000a60                clear_buffer
 .text.update_lcd
                0x08000a9c       0x48 THUMB Release/main.o
                0x08000a9c                update_lcd
 .text.setpixel
                0x08000ae4       0x98 THUMB Release/main.o
                0x08000ae4                setpixel
 .text.invertpixel
                0x08000b7c       0x80 THUMB Release/main.o
                0x08000b7c                invertpixel
 .text.setline  0x08000bfc       0xc0 THUMB Release/main.o
                0x08000bfc                setline
 .text.invertrectangle
                0x08000cbc       0x4c THUMB Release/main.o
                0x08000cbc                invertrectangle
 .text.translate
                0x08000d08       0x58 THUMB Release/main.o
                0x08000d08                translate
 .text.transfer_data
                0x08000d60      0x2e0 THUMB Release/main.o
                0x08000d60                transfer_data
 .text.drawbird
                0x08001040      0x2c4 THUMB Release/main.o
                0x08001040                drawbird
 .text.drawpipe
                0x08001304       0x88 THUMB Release/main.o
                0x08001304                drawpipe
 .text.tick     0x0800138c      0x580 THUMB Release/main.o
                0x0800138c                tick
 .text.cheat    0x0800190c       0xa8 THUMB Release/main.o
                0x0800190c                cheat
 .text.game_over
                0x080019b4       0x34 THUMB Release/main.o
                0x080019b4                game_over
 .text.drawflappy
                0x080019e8       0x60 THUMB Release/main.o
                0x080019e8                drawflappy
 .text.initflappy
                0x08001a48      0x194 THUMB Release/main.o
                0x08001a48                initflappy
 .text.send_os  0x08001bdc      0x358 THUMB Release/main.o
                0x08001bdc                send_os
 .text.check_password
                0x08001f34       0xec THUMB Release/main.o
                0x08001f34                check_password
 .text.vertice_to_point
                0x08002020       0x74 THUMB Release/main.o
                0x08002020                vertice_to_point
 *fill*         0x08002094        0x4 00
 .text.rotate_x
                0x08002098       0xe0 THUMB Release/main.o
                0x08002098                rotate_x
 .text.rotate_y
                0x08002178       0xe0 THUMB Release/main.o
                0x08002178                rotate_y
 .text.drawnumber
                0x08002258      0x198 THUMB Release/main.o
                0x08002258                drawnumber
 .text.drawscore
                0x080023f0      0x148 THUMB Release/main.o
                0x080023f0                drawscore
 .text.main     0x08002538     0x20b8 THUMB Release/main.o
                0x08002538                main
 .text.GPIO_Init
                0x080045f0      0x144 THUMB Release/stm32f4xx_gpio.o
                0x080045f0                GPIO_Init
 .text.GPIO_ReadInputDataBit
                0x08004734       0x3c THUMB Release/stm32f4xx_gpio.o
                0x08004734                GPIO_ReadInputDataBit
 .text.RCC_AHB1PeriphClockCmd
                0x08004770       0x54 THUMB Release/stm32f4xx_rcc.o
                0x08004770                RCC_AHB1PeriphClockCmd
 .text.SystemInit
                0x080047c4       0x94 THUMB Release/system_stm32f4xx.o
                0x080047c4                SystemInit
 .text.SetSysClock
                0x08004858      0x188 THUMB Release/system_stm32f4xx.o
 .text.libc.__int32_to_float32
                0x080049e0       0x30 /Applications/CrossWorks for ARM 2.3/lib/libm_v7em_t_le_eabi.a(libm_asm.o)
                0x080049e0                __aeabi_i2f
                0x080049e0                __int32_to_float32
                0x080049e0                __floatsisf
                0x080049f0                __int32_to_float32_common
 .text.libc.__int32_to_float64
                0x08004a10       0x30 /Applications/CrossWorks for ARM 2.3/lib/libm_v7em_t_le_eabi.a(libm_asm.o)
                0x08004a10                __floatsidf
                0x08004a10                __aeabi_i2d
                0x08004a10                __int32_to_float64
 .text.libc.__uint32_to_float64
                0x08004a40       0x24 /Applications/CrossWorks for ARM 2.3/lib/libm_v7em_t_le_eabi.a(libm_asm.o)
                0x08004a40                __uint32_to_float64
                0x08004a40                __aeabi_ui2d
                0x08004a40                __floatunsidf
 .text.libc.__float32_to_int32
                0x08004a64       0x44 /Applications/CrossWorks for ARM 2.3/lib/libm_v7em_t_le_eabi.a(libm_asm.o)
                0x08004a64                __fixsfsi
                0x08004a64                __float32_to_int32
                0x08004a64                __aeabi_f2iz
 .text.libc.__float64_to_int32
                0x08004aa8       0x54 /Applications/CrossWorks for ARM 2.3/lib/libm_v7em_t_le_eabi.a(libm_asm.o)
                0x08004aa8                __fixdfsi
                0x08004aa8                __aeabi_d2iz
                0x08004aa8                __float64_to_int32
 .text.libc.__float64_to_uint32
                0x08004afc       0x34 /Applications/CrossWorks for ARM 2.3/lib/libm_v7em_t_le_eabi.a(libm_asm.o)
                0x08004afc                __fixunsdfsi
                0x08004afc                __aeabi_d2uiz
                0x08004afc                __float64_to_uint32
 .text.libc.__float64_to_float32
                0x08004b30       0x78 /Applications/CrossWorks for ARM 2.3/lib/libm_v7em_t_le_eabi.a(libm_asm.o)
                0x08004b30                __aeabi_d2f
                0x08004b30                __truncdfsf2
                0x08004b30                __float64_to_float32
 .text.libc.__float32_add
                0x08004ba8      0x140 /Applications/CrossWorks for ARM 2.3/lib/libm_v7em_t_le_eabi.a(libm_asm.o)
                0x08004ba8                __aeabi_frsub
                0x08004bb0                __subsf3
                0x08004bb0                __float32_sub
                0x08004bb0                __aeabi_fsub
                0x08004bb4                __aeabi_fadd
                0x08004bb4                __addsf3
                0x08004bb4                __float32_add
 .text.libc.__float32_mul
                0x08004ce8       0xe4 /Applications/CrossWorks for ARM 2.3/lib/libm_v7em_t_le_eabi.a(libm_asm.o)
                0x08004ce8                __float32_mul
                0x08004ce8                __mulsf3
                0x08004ce8                __aeabi_fmul
 .text.libc.__float32_div
                0x08004dcc      0x1f8 /Applications/CrossWorks for ARM 2.3/lib/libm_v7em_t_le_eabi.a(libm_asm.o)
                0x08004dcc                __divsf3
                0x08004dcc                __aeabi_fdiv
                0x08004dcc                __float32_div
 .text.libc.__float64_add
                0x08004fc4      0x2b8 /Applications/CrossWorks for ARM 2.3/lib/libm_v7em_t_le_eabi.a(libm_asm.o)
                0x08004fc4                __aeabi_drsub
                0x08004fcc                __float64_sub
                0x08004fcc                __aeabi_dsub
                0x08004fcc                __subdf3
                0x08004fd0                __aeabi_dadd
                0x08004fd0                __float64_add
                0x08004fd0                __adddf3
 .text.libc.__float64_mul
                0x0800527c      0x180 /Applications/CrossWorks for ARM 2.3/lib/libm_v7em_t_le_eabi.a(libm_asm.o)
                0x0800527c                __aeabi_dmul
                0x0800527c                __float64_mul
                0x0800527c                __muldf3
 .text.libc.__float64_cmp
                0x080053fc       0x6c /Applications/CrossWorks for ARM 2.3/lib/libm_v7em_t_le_eabi.a(libm_asm.o)
                0x080053fc                __ltdf2
                0x080053fc                __eqdf2
                0x080053fc                __gtdf2
                0x080053fc                __cmpdf2
                0x080053fc                __ledf2
                0x080053fc                __nedf2
                0x080053fc                __gedf2
 .text.libc.__aeabi_dcmplt
                0x08005468       0x1c /Applications/CrossWorks for ARM 2.3/lib/libm_v7em_t_le_eabi.a(libm_asm.o)
                0x08005468                __aeabi_dcmplt
 .text.libc.__aeabi_dcmpgt
                0x08005484       0x10 /Applications/CrossWorks for ARM 2.3/lib/libm_v7em_t_le_eabi.a(libm_asm.o)
                0x08005484                __aeabi_dcmpgt
 *fill*         0x08005494        0x4 00
 .text.libc.cos
                0x08005498      0x1c0 /Applications/CrossWorks for ARM 2.3/lib/libm_v7em_t_le_eabi.a(libm2.o)
                0x08005498                cos
 .text.libc.sin
                0x08005658      0x1a8 /Applications/CrossWorks for ARM 2.3/lib/libm_v7em_t_le_eabi.a(libm2.o)
                0x08005658                sin
 .text.libc.fabs
                0x08005800        0x8 /Applications/CrossWorks for ARM 2.3/lib/libm_v7em_t_le_eabi.a(libm2_asm.o)
                0x08005800                fabs
 .text.libc.__getc
                0x08005808       0x24 /Applications/CrossWorks for ARM 2.3/lib/libc_v7em_t_le_eabi.a(libc2.o)
                0x08005808                __getc
 .text.libc.__putc
                0x0800582c       0x38 /Applications/CrossWorks for ARM 2.3/lib/libc_v7em_t_le_eabi.a(libc2.o)
                0x0800582c                __putc
 .text.libc.__print_padding
                0x08005864       0x60 /Applications/CrossWorks for ARM 2.3/lib/libc_v7em_t_le_eabi.a(libc2.o)
                0x08005864                __print_padding
 .text.libc.__pre_padding
                0x080058c4       0x1c /Applications/CrossWorks for ARM 2.3/lib/libc_v7em_t_le_eabi.a(libc2.o)
                0x080058c4                __pre_padding
 .text.libc.abs
                0x080058e0        0x8 /Applications/CrossWorks for ARM 2.3/lib/libc_v7em_t_le_eabi.a(libc2.o)
                0x080058e0                abs
 .text.libc.isupper
                0x080058e8       0x10 /Applications/CrossWorks for ARM 2.3/lib/libc_v7em_t_le_eabi.a(libc2.o)
                0x080058e8                isupper
 .text.libc.islower
                0x080058f8       0x10 /Applications/CrossWorks for ARM 2.3/lib/libc_v7em_t_le_eabi.a(libc2.o)
                0x080058f8                islower
 .text.libc.isdigit
                0x08005908       0x10 /Applications/CrossWorks for ARM 2.3/lib/libc_v7em_t_le_eabi.a(libc2.o)
                0x08005908                isdigit
 .text.libc.__digit
                0x08005918       0x3c /Applications/CrossWorks for ARM 2.3/lib/libc_v7em_t_le_eabi.a(libc2.o)
                0x08005918                __digit
 .text.libc.isspace
                0x08005954       0x18 /Applications/CrossWorks for ARM 2.3/lib/libc_v7em_t_le_eabi.a(libc2.o)
                0x08005954                isspace
 .text.libc.rand
                0x0800596c       0x28 /Applications/CrossWorks for ARM 2.3/lib/libc_v7em_t_le_eabi.a(libc2.o)
                0x0800596c                rand
 .text.libc.strlen
                0x08005994       0x70 /Applications/CrossWorks for ARM 2.3/lib/libc_v7em_t_le_eabi.a(libc2_asm.o)
                0x08005994                strlen
 .text.libc.__vfprintf_int
                0x08005a04      0x678 /Applications/CrossWorks for ARM 2.3/lib/libc_v7em_t_le_eabi.a(__vfprintf_int.o)
                0x08005a04                __vfprintf_int
 .text.libc.__ungetc
                0x0800607c       0x20 /Applications/CrossWorks for ARM 2.3/lib/libc_v7em_t_le_eabi.a(__vfscanf_int.o)
 .text.libc.rd_int
                0x0800609c      0x1d8 /Applications/CrossWorks for ARM 2.3/lib/libc_v7em_t_le_eabi.a(__vfscanf_int.o)
 .text.libc.__vfscanf_int
                0x08006274      0x504 /Applications/CrossWorks for ARM 2.3/lib/libc_v7em_t_le_eabi.a(__vfscanf_int.o)
                0x08006274                __vfscanf_int
 .text.libdebugio.__do_debug_operation_mempoll
                0x08006778       0x3c /Applications/CrossWorks for ARM 2.3/lib/libdebugio_v7em_t_le_eabi.a(libdebugio.o)
                0x08006778                __do_debug_operation_mempoll
 .text.libc.__debug_io_lock
                0x080067b4        0x4 /Applications/CrossWorks for ARM 2.3/lib/libc_user_libc_v7em_t_le_eabi.a(user_libc.o)
                0x080067b4                __debug_io_lock
 .text.libc.__debug_io_unlock
                0x080067b8        0x4 /Applications/CrossWorks for ARM 2.3/lib/libc_user_libc_v7em_t_le_eabi.a(user_libc.o)
                0x080067b8                __debug_io_unlock
                0x080067bc                __text_end__ = (__text_start__ + SIZEOF (.text))
                0x080067bc                __text_load_end__ = __text_end__

.vfp11_veneer   0x00000000        0x0
 .vfp11_veneer  0x00000000        0x0 linker stubs

.v4_bx          0x00000000        0x0
 .v4_bx         0x00000000        0x0 linker stubs

.iplt           0x00000000        0x0
 .iplt          0x00000000        0x0 THUMB Release/main.o
                0x00000001                . = ASSERT (((__text_end__ >= __FLASH_segment_start__) && (__text_end__ <= __FLASH_segment_end__)), error: .text is too large to fit in FLASH memory segment)
                0x080067bc                __dtors_load_start__ = ALIGN (__text_end__, 0x4)

.dtors          0x080067bc        0x0
                0x080067bc                __dtors_start__ = .
 *(SORT(.dtors.*))
 *(.dtors)
 *(.fini_array .fini_array.*)
                0x080067bc                __dtors_end__ = (__dtors_start__ + SIZEOF (.dtors))
                0x080067bc                __dtors_load_end__ = __dtors_end__
                0x00000001                . = ASSERT (((__dtors_end__ >= __FLASH_segment_start__) && (__dtors_end__ <= __FLASH_segment_end__)), error: .dtors is too large to fit in FLASH memory segment)
                0x080067bc                __ctors_load_start__ = ALIGN (__dtors_end__, 0x4)

.ctors          0x080067bc        0x0
                0x080067bc                __ctors_start__ = .
 *(SORT(.ctors.*))
 *(.ctors)
 *(.init_array .init_array.*)
                0x080067bc                __ctors_end__ = (__ctors_start__ + SIZEOF (.ctors))
                0x080067bc                __ctors_load_end__ = __ctors_end__
                0x00000001                . = ASSERT (((__ctors_end__ >= __FLASH_segment_start__) && (__ctors_end__ <= __FLASH_segment_end__)), error: .ctors is too large to fit in FLASH memory segment)
                0x080067bc                __rodata_load_start__ = ALIGN (__ctors_end__, 0x4)

.rodata         0x080067bc      0x240
                0x080067bc                __rodata_start__ = .
 *(.rodata .rodata.* .gnu.linkonce.r.*)
 .rodata.font5x8
                0x080067bc      0x1e0 THUMB Release/main.o
 .rodata        0x0800699c       0x38 THUMB Release/main.o
 .rodata.libc.__hex_lc
                0x080069d4       0x10 /Applications/CrossWorks for ARM 2.3/lib/libc_v7em_t_le_eabi.a(libc2.o)
                0x080069d4                __hex_lc
 .rodata.libc.__hex_uc
                0x080069e4       0x10 /Applications/CrossWorks for ARM 2.3/lib/libc_v7em_t_le_eabi.a(libc2.o)
                0x080069e4                __hex_uc
 .rodata.libc.str1.4
                0x080069f4        0x8 /Applications/CrossWorks for ARM 2.3/lib/libc_v7em_t_le_eabi.a(__vfprintf_int.o)
                0x080069fc                __rodata_end__ = (__rodata_start__ + SIZEOF (.rodata))
                0x080069fc                __rodata_load_end__ = __rodata_end__

.rel.dyn        0x08000000        0x0
 .rel.iplt      0x00000000        0x0 THUMB Release/main.o
                0x00000001                . = ASSERT (((__rodata_end__ >= __FLASH_segment_start__) && (__rodata_end__ <= __FLASH_segment_end__)), error: .rodata is too large to fit in FLASH memory segment)
                0x080069fc                __ARM.exidx_load_start__ = ALIGN (__rodata_end__, 0x4)

.ARM.exidx      0x080069fc        0x0
                0x080069fc                __ARM.exidx_start__ = .
                0x080069fc                __exidx_start = __ARM.exidx_start__
 *(.ARM.exidx .ARM.exidx.*)
                0x080069fc                __ARM.exidx_end__ = (__ARM.exidx_start__ + SIZEOF (.ARM.exidx))
                0x080069fc                __exidx_end = __ARM.exidx_end__
                0x080069fc                __ARM.exidx_load_end__ = __ARM.exidx_end__
                0x00000001                . = ASSERT (((__ARM.exidx_end__ >= __FLASH_segment_start__) && (__ARM.exidx_end__ <= __FLASH_segment_end__)), error: .ARM.exidx is too large to fit in FLASH memory segment)
                0x080069fc                __fast_load_start__ = ALIGN (__ARM.exidx_end__, 0x4)

.fast           0x20000000        0x0 load address 0x080069fc
                0x20000000                __fast_start__ = .
 *(.fast .fast.*)
                0x20000000                __fast_end__ = (__fast_start__ + SIZEOF (.fast))
                0x080069fc                __fast_load_end__ = (__fast_load_start__ + SIZEOF (.fast))
                0x00000001                . = ASSERT (((__fast_load_end__ >= __FLASH_segment_start__) && (__fast_load_end__ <= __FLASH_segment_end__)), error: .fast is too large to fit in FLASH memory segment)

.fast_run       0x20000000        0x0
                0x20000000                __fast_run_start__ = .
                0x20000000                . = MAX ((__fast_run_start__ + SIZEOF (.fast)), .)
                0x20000000                __fast_run_end__ = (__fast_run_start__ + SIZEOF (.fast_run))
                0x20000000                __fast_run_load_end__ = __fast_run_end__
                0x00000001                . = ASSERT (((__fast_run_end__ >= __RAM_segment_start__) && (__fast_run_end__ <= __RAM_segment_end__)), error: .fast_run is too large to fit in RAM memory segment)
                0x080069fc                __data_load_start__ = ALIGN ((__fast_load_start__ + SIZEOF (.fast)), 0x4)

.data           0x20000000      0x3f4 load address 0x080069fc
                0x20000000                __data_start__ = .
 *(.data .data.* .gnu.linkonce.d.*)
 .data.os_image
                0x20000000      0x1e8 THUMB Release/main.o
                0x20000000                os_image
 .data.zoomlevel
                0x200001e8        0x4 THUMB Release/main.o
                0x200001e8                zoomlevel
 .data.matrix   0x200001ec       0x90 THUMB Release/main.o
                0x200001ec                matrix
 .data.password
                0x2000027c        0xc THUMB Release/main.o
                0x2000027c                password
 .data.prgm_header
                0x20000288        0xc THUMB Release/main.o
                0x20000288                prgm_header
 .data.score    0x20000294        0x4 THUMB Release/main.o
                0x20000294                score
 .data.bird_1   0x20000298       0x24 THUMB Release/main.o
                0x20000298                bird_1
 .data.bird_2   0x200002bc       0x24 THUMB Release/main.o
                0x200002bc                bird_2
 .data.bird_sprite_1
                0x200002e0       0x24 THUMB Release/main.o
                0x200002e0                bird_sprite_1
 .data.bird_sprite_2
                0x20000304       0x24 THUMB Release/main.o
                0x20000304                bird_sprite_2
 .data.mu_sprite_1
                0x20000328       0x24 THUMB Release/main.o
                0x20000328                mu_sprite_1
 .data.mu_sprite_2
                0x2000034c       0x24 THUMB Release/main.o
                0x2000034c                mu_sprite_2
 .data.vertice1
                0x20000370       0x10 THUMB Release/main.o
                0x20000370                vertice1
 .data.vertice2
                0x20000380       0x10 THUMB Release/main.o
                0x20000380                vertice2
 .data.vertice3
                0x20000390       0x10 THUMB Release/main.o
                0x20000390                vertice3
 .data.vertice4
                0x200003a0       0x10 THUMB Release/main.o
                0x200003a0                vertice4
 .data.vertice5
                0x200003b0       0x10 THUMB Release/main.o
                0x200003b0                vertice5
 .data.vertice6
                0x200003c0       0x10 THUMB Release/main.o
                0x200003c0                vertice6
 .data.vertice7
                0x200003d0       0x10 THUMB Release/main.o
                0x200003d0                vertice7
 .data.vertice8
                0x200003e0       0x10 THUMB Release/main.o
                0x200003e0                vertice8
 .data.libc.__RAL_rand_next
                0x200003f0        0x4 /Applications/CrossWorks for ARM 2.3/lib/libc_v7em_t_le_eabi.a(libc2.o)
                0x200003f0                __RAL_rand_next
                0x200003f4                __data_end__ = (__data_start__ + SIZEOF (.data))
                0x08006df0                __data_load_end__ = (__data_load_start__ + SIZEOF (.data))

.igot.plt       0x00000000        0x0
 .igot.plt      0x00000000        0x0 THUMB Release/main.o
                0x00000001                . = ASSERT (((__data_load_end__ >= __FLASH_segment_start__) && (__data_load_end__ <= __FLASH_segment_end__)), error: .data is too large to fit in FLASH memory segment)

.data_run       0x20000000      0x3f4 load address 0x080069fc
                0x20000000                __data_run_start__ = .
                0x200003f4                . = MAX ((__data_run_start__ + SIZEOF (.data)), .)
 *fill*         0x20000000      0x3f4 00
                0x200003f4                __data_run_end__ = (__data_run_start__ + SIZEOF (.data_run))
                0x200003f4                __data_run_load_end__ = __data_run_end__
                0x00000001                . = ASSERT (((__data_run_end__ >= __RAM_segment_start__) && (__data_run_end__ <= __RAM_segment_end__)), error: .data_run is too large to fit in RAM memory segment)
                0x200003f4                __bss_load_start__ = ALIGN (__data_run_end__, 0x4)

.bss            0x200003f4      0x6fc
                0x200003f4                __bss_start__ = .
 *(.bss .bss.* .gnu.linkonce.b.*)
 .bss.lastpressed
                0x200003f4        0x4 THUMB Release/main.o
                0x200003f4                lastpressed
 .bss.speed     0x200003f8        0x4 THUMB Release/main.o
                0x200003f8                speed
 .bss.lastscore
                0x200003fc        0x4 THUMB Release/main.o
                0x200003fc                lastscore
 .bss.quit      0x20000400        0x4 THUMB Release/main.o
                0x20000400                quit
 .bss.a         0x20000404       0x64 THUMB Release/main.o
                0x20000404                a
 .bss.it        0x20000468        0x4 THUMB Release/main.o
                0x20000468                it
 .bss.color     0x2000046c        0x4 THUMB Release/main.o
                0x2000046c                color
 .bss.WS2812_InitStructure
                0x20000470        0x8 THUMB Release/main.o
                0x20000470                WS2812_InitStructure
 .bss.password_buffer
                0x20000478        0xc THUMB Release/main.o
                0x20000478                password_buffer
 *fill*         0x20000484        0x4 00
 .bss.key       0x20000488        0x8 THUMB Release/main.o
                0x20000488                key
 .bss.framebuffer_active
                0x20000490      0x300 THUMB Release/main.o
                0x20000490                framebuffer_active
 .bss.framebuffer
                0x20000790      0x300 THUMB Release/main.o
                0x20000790                framebuffer
 .bss.gamecounter
                0x20000a90        0x2 THUMB Release/main.o
                0x20000a90                gamecounter
 *fill*         0x20000a92        0x2 00
 .bss.pipebuffer
                0x20000a94       0x18 THUMB Release/main.o
                0x20000a94                pipebuffer
 .bss.birdy     0x20000aac        0x4 THUMB Release/main.o
                0x20000aac                birdy
 .bss.is_bird_dead
                0x20000ab0        0x4 THUMB Release/main.o
                0x20000ab0                is_bird_dead
 .bss.playermodel
                0x20000ab4        0x4 THUMB Release/main.o
                0x20000ab4                playermodel
 .bss.bird      0x20000ab8       0x24 THUMB Release/main.o
                0x20000ab8                bird
 .bss.LINK_InitStructure
                0x20000adc        0x8 THUMB Release/main.o
                0x20000adc                LINK_InitStructure
 .bss.libc.__format_extender
                0x20000ae4        0x4 /Applications/CrossWorks for ARM 2.3/lib/libc_v7em_t_le_eabi.a(libc2.o)
                0x20000ae4                __format_extender
 .bss.libdebugio.dbgCommWord
                0x20000ae8        0x4 /Applications/CrossWorks for ARM 2.3/lib/libdebugio_v7em_t_le_eabi.a(libdebugio.o)
                0x20000ae8                dbgCommWord
 .bss.libdebugio.dbgCntrlWord_mempoll
                0x20000aec        0x4 /Applications/CrossWorks for ARM 2.3/lib/libdebugio_v7em_t_le_eabi.a(libdebugio.o)
                0x20000aec                dbgCntrlWord_mempoll
 *(COMMON)
                0x20000af0                __bss_end__ = (__bss_start__ + SIZEOF (.bss))
                0x20000af0                __bss_load_end__ = __bss_end__
                0x00000001                . = ASSERT (((__bss_end__ >= __RAM_segment_start__) && (__bss_end__ <= __RAM_segment_end__)), error: .bss is too large to fit in RAM memory segment)
                0x20000af0                __non_init_load_start__ = ALIGN (__bss_end__, 0x4)

.non_init       0x20000af0        0x0
                0x20000af0                __non_init_start__ = .
 *(.non_init .non_init.*)
                0x20000af0                __non_init_end__ = (__non_init_start__ + SIZEOF (.non_init))
                0x20000af0                __non_init_load_end__ = __non_init_end__
                0x00000001                . = ASSERT (((__non_init_end__ >= __RAM_segment_start__) && (__non_init_end__ <= __RAM_segment_end__)), error: .non_init is too large to fit in RAM memory segment)
                0x20000af0                __heap_load_start__ = ALIGN (__non_init_end__, 0x4)

.heap           0x20000af0       0x80
                0x20000af0                __heap_start__ = .
 *(.heap .heap.*)
                0x20000b70                . = ALIGN (MAX ((__heap_start__ + __HEAPSIZE__), .), 0x4)
 *fill*         0x20000af0       0x80 00
                0x20000b70                __heap_end__ = (__heap_start__ + SIZEOF (.heap))
                0x20000b70                __heap_load_end__ = __heap_end__
                0x00000001                . = ASSERT (((__heap_end__ >= __RAM_segment_start__) && (__heap_end__ <= __RAM_segment_end__)), error: .heap is too large to fit in RAM memory segment)
                0x20000b70                __stack_load_start__ = ALIGN (__heap_end__, 0x4)

.stack          0x20000b70      0x100
                0x20000b70                __stack_start__ = .
 *(.stack .stack.*)
                0x20000c70                . = ALIGN (MAX ((__stack_start__ + __STACKSIZE__), .), 0x4)
 *fill*         0x20000b70      0x100 00
                0x20000c70                __stack_end__ = (__stack_start__ + SIZEOF (.stack))
                0x20000c70                __stack_load_end__ = __stack_end__
                0x00000001                . = ASSERT (((__stack_end__ >= __RAM_segment_start__) && (__stack_end__ <= __RAM_segment_end__)), error: .stack is too large to fit in RAM memory segment)
                0x20000c70                __stack_process_load_start__ = ALIGN (__stack_end__, 0x4)

.stack_process  0x20000c70        0x0
                0x20000c70                __stack_process_start__ = .
 *(.stack_process .stack_process.*)
                0x20000c70                . = ALIGN (MAX ((__stack_process_start__ + __STACKSIZE_PROCESS__), .), 0x4)
                0x20000c70                __stack_process_end__ = (__stack_process_start__ + SIZEOF (.stack_process))
                0x20000c70                __stack_process_load_end__ = __stack_process_end__
                0x00000001                . = ASSERT (((__stack_process_end__ >= __RAM_segment_start__) && (__stack_process_end__ <= __RAM_segment_end__)), error: .stack_process is too large to fit in RAM memory segment)
                0x20000c70                __tbss_load_start__ = ALIGN (__stack_process_end__, 0x4)

.tbss           0x20000c70        0x0
                0x20000c70                __tbss_start__ = .
 *(.tbss .tbss.*)
                0x20000c70                __tbss_end__ = (__tbss_start__ + SIZEOF (.tbss))
                0x20000c70                __tbss_load_end__ = __tbss_end__
                0x00000001                . = ASSERT (((__tbss_end__ >= __RAM_segment_start__) && (__tbss_end__ <= __RAM_segment_end__)), error: .tbss is too large to fit in RAM memory segment)
                0x08006df0                __tdata_load_start__ = ALIGN ((__data_load_start__ + SIZEOF (.data)), 0x4)

.tdata          0x20000c70        0x0 load address 0x08006df0
                0x20000c70                __tdata_start__ = .
 *(.tdata .tdata.*)
                0x20000c70                __tdata_end__ = (__tdata_start__ + SIZEOF (.tdata))
                0x08006df0                __tdata_load_end__ = (__tdata_load_start__ + SIZEOF (.tdata))
                0x08006df0                __FLASH_segment_used_end__ = (ALIGN ((__data_load_start__ + SIZEOF (.data)), 0x4) + SIZEOF (.tdata))
                0x00000001                . = ASSERT (((__tdata_load_end__ >= __FLASH_segment_start__) && (__tdata_load_end__ <= __FLASH_segment_end__)), error: .tdata is too large to fit in FLASH memory segment)

.tdata_run      0x20000c70        0x0
                0x20000c70                __tdata_run_start__ = .
                0x20000c70                . = MAX ((__tdata_run_start__ + SIZEOF (.tdata)), .)
                0x20000c70                __tdata_run_end__ = (__tdata_run_start__ + SIZEOF (.tdata_run))
                0x20000c70                __tdata_run_load_end__ = __tdata_run_end__
                0x20000c70                __RAM_segment_used_end__ = (ALIGN (__tbss_end__, 0x4) + SIZEOF (.tdata_run))
                0x00000001                . = ASSERT (((__tdata_run_end__ >= __RAM_segment_start__) && (__tdata_run_end__ <= __RAM_segment_end__)), error: .tdata_run is too large to fit in RAM memory segment)
START GROUP
LOAD THUMB Release/main.o
LOAD THUMB Release/misc.o
LOAD THUMB Release/stm32f4xx_adc.o
LOAD THUMB Release/stm32f4xx_can.o
LOAD THUMB Release/stm32f4xx_crc.o
LOAD THUMB Release/stm32f4xx_cryp.o
LOAD THUMB Release/stm32f4xx_cryp_aes.o
LOAD THUMB Release/stm32f4xx_cryp_des.o
LOAD THUMB Release/stm32f4xx_cryp_tdes.o
LOAD THUMB Release/stm32f4xx_dac.o
LOAD THUMB Release/stm32f4xx_dbgmcu.o
LOAD THUMB Release/stm32f4xx_dcmi.o
LOAD THUMB Release/stm32f4xx_dma.o
LOAD THUMB Release/stm32f4xx_dma2d.o
LOAD THUMB Release/stm32f4xx_exti.o
LOAD THUMB Release/stm32f4xx_flash.o
LOAD THUMB Release/stm32f4xx_fsmc.o
LOAD THUMB Release/stm32f4xx_gpio.o
LOAD THUMB Release/stm32f4xx_hash.o
LOAD THUMB Release/stm32f4xx_hash_md5.o
LOAD THUMB Release/stm32f4xx_hash_sha1.o
LOAD THUMB Release/stm32f4xx_i2c.o
LOAD THUMB Release/stm32f4xx_iwdg.o
LOAD THUMB Release/stm32f4xx_ltdc.o
LOAD THUMB Release/stm32f4xx_pwr.o
LOAD THUMB Release/stm32f4xx_rcc.o
LOAD THUMB Release/stm32f4xx_rng.o
LOAD THUMB Release/stm32f4xx_rtc.o
LOAD THUMB Release/stm32f4xx_sai.o
LOAD THUMB Release/stm32f4xx_sdio.o
LOAD THUMB Release/stm32f4xx_spi.o
LOAD THUMB Release/stm32f4xx_syscfg.o
LOAD THUMB Release/stm32f4xx_tim.o
LOAD THUMB Release/stm32f4xx_usart.o
LOAD THUMB Release/stm32f4xx_wwdg.o
LOAD THUMB Release/system_stm32f4xx.o
LOAD THUMB Release/thumb_crt0.o
LOAD THUMB Release/STM32_Startup.o
LOAD /Applications/CrossWorks for ARM 2.3/lib/libcm_v7em_t_le_eabi.a
LOAD /Applications/CrossWorks for ARM 2.3/lib/libm_v7em_t_le_eabi.a
LOAD /Applications/CrossWorks for ARM 2.3/lib/libc_v7em_t_le_eabi.a
LOAD /Applications/CrossWorks for ARM 2.3/lib/libcpp_v7em_t_le_eabi.a
LOAD /Applications/CrossWorks for ARM 2.3/lib/libdebugio_v7em_t_le_eabi.a
LOAD /Applications/CrossWorks for ARM 2.3/lib/libc_targetio_impl_v7em_t_le_eabi.a
LOAD /Applications/CrossWorks for ARM 2.3/lib/libc_user_libc_v7em_t_le_eabi.a
END GROUP
OUTPUT(THUMB Release/Calchack_F4.elf elf32-littlearm)

.debug_frame    0x00000000     0x4048
 .debug_frame   0x00000000      0x82c THUMB Release/main.o
 .debug_frame   0x0000082c      0x244 THUMB Release/stm32f4xx_gpio.o
 .debug_frame   0x00000a70      0x81c THUMB Release/stm32f4xx_rcc.o
 .debug_frame   0x0000128c       0x84 THUMB Release/system_stm32f4xx.o
 .debug_frame   0x00001310      0x600 /Applications/CrossWorks for ARM 2.3/lib/libm_v7em_t_le_eabi.a(libm_asm.o)
 .debug_frame   0x00001910      0x978 /Applications/CrossWorks for ARM 2.3/lib/libm_v7em_t_le_eabi.a(libm2.o)
 .debug_frame   0x00002288       0xc0 /Applications/CrossWorks for ARM 2.3/lib/libm_v7em_t_le_eabi.a(libm2_asm.o)
 .debug_frame   0x00002348     0x12e4 /Applications/CrossWorks for ARM 2.3/lib/libc_v7em_t_le_eabi.a(libc2.o)
 .debug_frame   0x0000362c      0x120 /Applications/CrossWorks for ARM 2.3/lib/libc_v7em_t_le_eabi.a(libc2_asm.o)
 .debug_frame   0x0000374c       0x40 /Applications/CrossWorks for ARM 2.3/lib/libc_v7em_t_le_eabi.a(__vfprintf_int.o)
 .debug_frame   0x0000378c       0x8c /Applications/CrossWorks for ARM 2.3/lib/libc_v7em_t_le_eabi.a(__vfscanf_int.o)
 .debug_frame   0x00003818      0x790 /Applications/CrossWorks for ARM 2.3/lib/libdebugio_v7em_t_le_eabi.a(libdebugio.o)
 .debug_frame   0x00003fa8       0xa0 /Applications/CrossWorks for ARM 2.3/lib/libc_user_libc_v7em_t_le_eabi.a(user_libc.o)

.debug_info     0x00000000     0x248a
 .debug_info    0x00000000      0x49e THUMB Release/main.o
 .debug_info    0x0000049e      0x153 THUMB Release/stm32f4xx_gpio.o
 .debug_info    0x000005f1      0x499 THUMB Release/stm32f4xx_rcc.o
 .debug_info    0x00000a8a       0x63 THUMB Release/system_stm32f4xx.o
 .debug_info    0x00000aed      0x5c7 /Applications/CrossWorks for ARM 2.3/lib/libm_v7em_t_le_eabi.a(libm2.o)
 .debug_info    0x000010b4      0xd02 /Applications/CrossWorks for ARM 2.3/lib/libc_v7em_t_le_eabi.a(libc2.o)
 .debug_info    0x00001db6       0x37 /Applications/CrossWorks for ARM 2.3/lib/libc_v7em_t_le_eabi.a(__vfprintf_int.o)
 .debug_info    0x00001ded       0x68 /Applications/CrossWorks for ARM 2.3/lib/libc_v7em_t_le_eabi.a(__vfscanf_int.o)
 .debug_info    0x00001e55      0x55f /Applications/CrossWorks for ARM 2.3/lib/libdebugio_v7em_t_le_eabi.a(libdebugio.o)
 .debug_info    0x000023b4       0xd6 /Applications/CrossWorks for ARM 2.3/lib/libc_user_libc_v7em_t_le_eabi.a(user_libc.o)

.debug_abbrev   0x00000000      0x3c2
 .debug_abbrev  0x00000000       0x74 THUMB Release/main.o
 .debug_abbrev  0x00000074       0x54 THUMB Release/stm32f4xx_gpio.o
 .debug_abbrev  0x000000c8       0x54 THUMB Release/stm32f4xx_rcc.o
 .debug_abbrev  0x0000011c       0x52 THUMB Release/system_stm32f4xx.o
 .debug_abbrev  0x0000016e       0xb2 /Applications/CrossWorks for ARM 2.3/lib/libm_v7em_t_le_eabi.a(libm2.o)
 .debug_abbrev  0x00000220       0xcb /Applications/CrossWorks for ARM 2.3/lib/libc_v7em_t_le_eabi.a(libc2.o)
 .debug_abbrev  0x000002eb       0x28 /Applications/CrossWorks for ARM 2.3/lib/libc_v7em_t_le_eabi.a(__vfprintf_int.o)
 .debug_abbrev  0x00000313       0x49 /Applications/CrossWorks for ARM 2.3/lib/libc_v7em_t_le_eabi.a(__vfscanf_int.o)
 .debug_abbrev  0x0000035c       0x3e /Applications/CrossWorks for ARM 2.3/lib/libdebugio_v7em_t_le_eabi.a(libdebugio.o)
 .debug_abbrev  0x0000039a       0x28 /Applications/CrossWorks for ARM 2.3/lib/libc_user_libc_v7em_t_le_eabi.a(user_libc.o)

.debug_loc      0x00000000     0x3ad4
 .debug_loc     0x00000000      0xa76 THUMB Release/main.o
 .debug_loc     0x00000a76      0x310 THUMB Release/stm32f4xx_gpio.o
 .debug_loc     0x00000d86      0xb3c THUMB Release/stm32f4xx_rcc.o
 .debug_loc     0x000018c2       0x9c THUMB Release/system_stm32f4xx.o
 .debug_loc     0x0000195e      0x83e /Applications/CrossWorks for ARM 2.3/lib/libm_v7em_t_le_eabi.a(libm2.o)
 .debug_loc     0x0000219c     0x109e /Applications/CrossWorks for ARM 2.3/lib/libc_v7em_t_le_eabi.a(libc2.o)
 .debug_loc     0x0000323a       0x2d /Applications/CrossWorks for ARM 2.3/lib/libc_v7em_t_le_eabi.a(__vfprintf_int.o)
 .debug_loc     0x00003267       0x79 /Applications/CrossWorks for ARM 2.3/lib/libc_v7em_t_le_eabi.a(__vfscanf_int.o)
 .debug_loc     0x000032e0      0x7f4 /Applications/CrossWorks for ARM 2.3/lib/libdebugio_v7em_t_le_eabi.a(libdebugio.o)

.debug_aranges  0x00000000      0xe08
 .debug_aranges
                0x00000000      0x1a0 THUMB Release/main.o
 .debug_aranges
                0x000001a0       0x88 THUMB Release/stm32f4xx_gpio.o
 .debug_aranges
                0x00000228      0x1b8 THUMB Release/stm32f4xx_rcc.o
 .debug_aranges
                0x000003e0       0x30 THUMB Release/system_stm32f4xx.o
 .debug_aranges
                0x00000410      0x228 /Applications/CrossWorks for ARM 2.3/lib/libm_v7em_t_le_eabi.a(libm2.o)
 .debug_aranges
                0x00000638      0x508 /Applications/CrossWorks for ARM 2.3/lib/libc_v7em_t_le_eabi.a(libc2.o)
 .debug_aranges
                0x00000b40       0x20 /Applications/CrossWorks for ARM 2.3/lib/libc_v7em_t_le_eabi.a(__vfprintf_int.o)
 .debug_aranges
                0x00000b60       0x30 /Applications/CrossWorks for ARM 2.3/lib/libc_v7em_t_le_eabi.a(__vfscanf_int.o)
 .debug_aranges
                0x00000b90      0x218 /Applications/CrossWorks for ARM 2.3/lib/libdebugio_v7em_t_le_eabi.a(libdebugio.o)
 .debug_aranges
                0x00000da8       0x60 /Applications/CrossWorks for ARM 2.3/lib/libc_user_libc_v7em_t_le_eabi.a(user_libc.o)

.debug_ranges   0x00000000      0xd68
 .debug_ranges  0x00000000      0x190 THUMB Release/main.o
 .debug_ranges  0x00000190       0x78 THUMB Release/stm32f4xx_gpio.o
 .debug_ranges  0x00000208      0x1a8 THUMB Release/stm32f4xx_rcc.o
 .debug_ranges  0x000003b0       0x20 THUMB Release/system_stm32f4xx.o
 .debug_ranges  0x000003d0      0x218 /Applications/CrossWorks for ARM 2.3/lib/libm_v7em_t_le_eabi.a(libm2.o)
 .debug_ranges  0x000005e8      0x4f8 /Applications/CrossWorks for ARM 2.3/lib/libc_v7em_t_le_eabi.a(libc2.o)
 .debug_ranges  0x00000ae0       0x10 /Applications/CrossWorks for ARM 2.3/lib/libc_v7em_t_le_eabi.a(__vfprintf_int.o)
 .debug_ranges  0x00000af0       0x20 /Applications/CrossWorks for ARM 2.3/lib/libc_v7em_t_le_eabi.a(__vfscanf_int.o)
 .debug_ranges  0x00000b10      0x208 /Applications/CrossWorks for ARM 2.3/lib/libdebugio_v7em_t_le_eabi.a(libdebugio.o)
 .debug_ranges  0x00000d18       0x50 /Applications/CrossWorks for ARM 2.3/lib/libc_user_libc_v7em_t_le_eabi.a(user_libc.o)

.debug_line     0x00000000     0x113b
 .debug_line    0x00000000       0x5d THUMB Release/main.o
 .debug_line    0x0000005d       0x67 THUMB Release/stm32f4xx_gpio.o
 .debug_line    0x000000c4       0x66 THUMB Release/stm32f4xx_rcc.o
 .debug_line    0x0000012a       0x69 THUMB Release/system_stm32f4xx.o
 .debug_line    0x00000193      0x330 /Applications/CrossWorks for ARM 2.3/lib/libm_v7em_t_le_eabi.a(libm2.o)
 .debug_line    0x000004c3      0x5b7 /Applications/CrossWorks for ARM 2.3/lib/libc_v7em_t_le_eabi.a(libc2.o)
 .debug_line    0x00000a7a       0x79 /Applications/CrossWorks for ARM 2.3/lib/libc_v7em_t_le_eabi.a(__vfprintf_int.o)
 .debug_line    0x00000af3       0x78 /Applications/CrossWorks for ARM 2.3/lib/libc_v7em_t_le_eabi.a(__vfscanf_int.o)
 .debug_line    0x00000b6b      0x558 /Applications/CrossWorks for ARM 2.3/lib/libdebugio_v7em_t_le_eabi.a(libdebugio.o)
 .debug_line    0x000010c3       0x78 /Applications/CrossWorks for ARM 2.3/lib/libc_user_libc_v7em_t_le_eabi.a(user_libc.o)

.debug_str      0x00000000     0x1546
 .debug_str     0x00000000      0x2db THUMB Release/main.o
                                0x2e1 (size before relaxing)
 .debug_str     0x000002db      0x12a THUMB Release/stm32f4xx_gpio.o
                                0x173 (size before relaxing)
 .debug_str     0x00000405      0x446 THUMB Release/stm32f4xx_rcc.o
                                0x48f (size before relaxing)
 .debug_str     0x0000084b       0x76 THUMB Release/system_stm32f4xx.o
                                 0xbf (size before relaxing)
 .debug_str     0x000008c1      0x18d /Applications/CrossWorks for ARM 2.3/lib/libm_v7em_t_le_eabi.a(libm2.o)
                                0x216 (size before relaxing)
 .debug_str     0x00000a4e      0x583 /Applications/CrossWorks for ARM 2.3/lib/libc_v7em_t_le_eabi.a(libc2.o)
                                0x659 (size before relaxing)
 .debug_str     0x00000fd1       0x68 /Applications/CrossWorks for ARM 2.3/lib/libc_v7em_t_le_eabi.a(__vfprintf_int.o)
                                 0xb1 (size before relaxing)
 .debug_str     0x00001039       0x80 /Applications/CrossWorks for ARM 2.3/lib/libc_v7em_t_le_eabi.a(__vfscanf_int.o)
                                 0xc9 (size before relaxing)
 .debug_str     0x000010b9      0x3b7 /Applications/CrossWorks for ARM 2.3/lib/libdebugio_v7em_t_le_eabi.a(libdebugio.o)
                                0x400 (size before relaxing)
 .debug_str     0x00001470       0xd6 /Applications/CrossWorks for ARM 2.3/lib/libc_user_libc_v7em_t_le_eabi.a(user_libc.o)
                                0x11f (size before relaxing)

.comment        0x00000000       0x4e
 .comment       0x00000000       0x4e THUMB Release/main.o
                                 0x4f (size before relaxing)
 .comment       0x00000000       0x4f THUMB Release/stm32f4xx_gpio.o
 .comment       0x00000000       0x4f THUMB Release/stm32f4xx_rcc.o
 .comment       0x00000000       0x4f THUMB Release/system_stm32f4xx.o
 .comment       0x00000000       0x4f /Applications/CrossWorks for ARM 2.3/lib/libm_v7em_t_le_eabi.a(libm2.o)
 .comment       0x00000000       0x4f /Applications/CrossWorks for ARM 2.3/lib/libc_v7em_t_le_eabi.a(libc2.o)
 .comment       0x00000000       0x4f /Applications/CrossWorks for ARM 2.3/lib/libc_v7em_t_le_eabi.a(__vfprintf_int.o)
 .comment       0x00000000       0x4f /Applications/CrossWorks for ARM 2.3/lib/libc_v7em_t_le_eabi.a(__vfscanf_int.o)
 .comment       0x00000000       0x4f /Applications/CrossWorks for ARM 2.3/lib/libdebugio_v7em_t_le_eabi.a(libdebugio.o)
 .comment       0x00000000       0x4f /Applications/CrossWorks for ARM 2.3/lib/libc_user_libc_v7em_t_le_eabi.a(user_libc.o)

.ARM.attributes
                0x00000000       0x37
 .ARM.attributes
                0x00000000       0x33 THUMB Release/main.o
 .ARM.attributes
                0x00000033       0x33 THUMB Release/stm32f4xx_gpio.o
 .ARM.attributes
                0x00000066       0x33 THUMB Release/stm32f4xx_rcc.o
 .ARM.attributes
                0x00000099       0x33 THUMB Release/system_stm32f4xx.o
 .ARM.attributes
                0x000000cc       0x27 THUMB Release/thumb_crt0.o
 .ARM.attributes
                0x000000f3       0x27 THUMB Release/STM32_Startup.o
 .ARM.attributes
                0x0000011a       0x1e /Applications/CrossWorks for ARM 2.3/lib/libm_v7em_t_le_eabi.a(libm_asm.o)
 .ARM.attributes
                0x00000138       0x2e /Applications/CrossWorks for ARM 2.3/lib/libm_v7em_t_le_eabi.a(libm2.o)
 .ARM.attributes
                0x00000166       0x1e /Applications/CrossWorks for ARM 2.3/lib/libm_v7em_t_le_eabi.a(libm2_asm.o)
 .ARM.attributes
                0x00000184       0x2e /Applications/CrossWorks for ARM 2.3/lib/libc_v7em_t_le_eabi.a(libc2.o)
 .ARM.attributes
                0x000001b2       0x1e /Applications/CrossWorks for ARM 2.3/lib/libc_v7em_t_le_eabi.a(libc2_asm.o)
 .ARM.attributes
                0x000001d0       0x2e /Applications/CrossWorks for ARM 2.3/lib/libc_v7em_t_le_eabi.a(__vfprintf_int.o)
 .ARM.attributes
                0x000001fe       0x2e /Applications/CrossWorks for ARM 2.3/lib/libc_v7em_t_le_eabi.a(__vfscanf_int.o)
 .ARM.attributes
                0x0000022c       0x2e /Applications/CrossWorks for ARM 2.3/lib/libdebugio_v7em_t_le_eabi.a(libdebugio.o)
 .ARM.attributes
                0x0000025a       0x2e /Applications/CrossWorks for ARM 2.3/lib/libc_user_libc_v7em_t_le_eabi.a(user_libc.o)
